Microchip MPLAB XC8 Compiler V1.30 ()

Linker command line:

--edf=/Applications/microchip/xc8/v1.30/dat/en_msgs.txt -cs \
  -h+dist/default/debug/MASTER_PIC.X.debug.sym \
  --cmf=dist/default/debug/MASTER_PIC.X.debug.cmf -z -Q18F45J10 \
  -o/tmp/cgtbDBGTW -Mdist/default/debug/MASTER_PIC.X.debug.map -E1 -ver=XC8 \
  -ASTACK=0366h-03ffh -pstack=STACK -ACODE=00h-07FF7h -ACONST=00h-07FF7h \
  -ASMALLCONST=0400h-04FFhx123,07F00h-07FF7h -AMEDIUMCONST=0400h-07FF7h \
  -ACOMRAM=01h-07Fh -AABS1=00h-03FFh -ABIGRAM=01h-03FFh \
  -ARAM=080h-0FFh,0100h-01FFhx3 -ABANK0=080h-0FFh -ABANK1=0100h-01FFh \
  -ABANK2=0200h-02FFh -ABANK3=0300h-03FFh -ASFR=0F80h-0FFCh \
  -preset_vec=00h,intcode=08h,intcodelo=018h,powerup,init,end_init \
  -pramtop=0400h -psmallconst=SMALLCONST -pmediumconst=MEDIUMCONST \
  -pconst=CONST -AFARRAM=00h-00h -ACONFIG=07FF8h-07FFDh -pconfig=CONFIG \
  -pjflash_buffer=07800h \
  -prdata=COMRAM,nvrram=COMRAM,nvbit=COMRAM,rbss=COMRAM,rbit=COMRAM \
  -pfarbss=FARRAM,fardata=FARRAM,nvFARRAM=FARRAM \
  -pintsave_regs=BIGRAM,bigbss=BIGRAM,bigdata=BIGRAM -pbss=RAM \
  -pidata=CODE,irdata=CODE,ibigdata=CODE,ifardata=CODE /tmp/cgts6bZ4o.obj \
  dist/default/debug/MASTER_PIC.X.debug.obj 

Object code version is 3.11

Machine type is 18F45J10

Call graph: (short form)




                Name                               Link     Load   Length Selector   Space Scale
/tmp/cgts6bZ4o.obj
                end_init                             B6       B6        4        C       0
                reset_vec                             0        0        6        0       0
                config                             7FF8     7FF8        6     7FF8       0
dist/default/debug/MASTER_PIC.X.debug.obj
                intcodelo                            18       18       9E        C       0
                intcode                               8        8        C        4       0
                text52                             2354     2354        6        C       0
                text51                             2246     2246       24        C       0
                text50                             2340     2340        C        C       0
                text49                             21C8     21C8       2E        C       0
                text48                             1ED2     1ED2       4E        C       0
                text47                             20B0     20B0       40        C       0
                text46                             14BC     14BC       F6        C       0
                text45                             2162     2162       36        C       0
                text44                              6FC      6FC      4F6        C       0
                text43                             1844     1844       C8        C       0
                text42                             10AC     10AC      1B4        C       0
                text41                               BA       BA      642        C       0
                text40                             226A     226A       22        C       0
                text39                             1396     1396      126        C       0
                text38                             202E     202E       42        C       0
                text37                             232E     232E       12        C       0
                text36                             1B08     1B08       84        C       0
                intcode_body                       1B8C     1B8C       82        C       0
                text34                             231C     231C       12        C       0
                text33                             2070     2070       40        C       0
                text32                             19CC     19CC       AA        C       0
                text31                             2220     2220       26        C       0
                text30                             230A     230A       12        C       0
                text29                             2198     2198       30        C       0
                text28                             228C     228C       1E        C       0
                text27                             15B2     15B2       E6        C       0
                text26                             1DD2     1DD2       5C        C       0
                text24                             1A76     1A76       92        C       0
                text23                             1D74     1D74       5E        C       0
                text22                             1260     1260      136        C       0
                text21                             1FEC     1FEC       42        C       0
                text20                             1FAA     1FAA       42        C       0
                text19                             22AA     22AA       16        C       0
                text18                             212C     212C       36        C       0
                text17                             22F8     22F8       12        C       0
                text16                             1F20     1F20       46        C       0
                text15                             1F66     1F66       44        C       0
                text14                             1C0E     1C0E       7E        C       0
                text13                             234C     234C        8        C       0
                text12                             1776     1776       CE        C       0
                text11                             1C8C     1C8C       7A        C       0
                text10                             1D06     1D06       6E        C       0
                text9                              22E6     22E6       12        C       0
                text8                              21F6     21F6       2A        C       0
                text7                              1E2E     1E2E       54        C       0
                text6                              20F0     20F0       3C        C       0
                text5                              1698     1698       DE        C       0
                text4                               E80      E80      22C        C       0
                text3                              22D4     22D4       12        C       0
                text2                              22C0     22C0       14        C       0
                text1                              190C     190C       C0        C       0
                text0                               BF2      BF2      28E        C       0
                cstackCOMRAM                          1        1       3E        1       1
                cstackBANK0                          80       80       46       80       1
                cstackBANK1                         100      100       84      100       1
                bssBANK3                            300      300       66      300       1
                bssBANK2                            200      200       CC      200       1
                bssBANK1                            184      184       66      100       1
                bssBANK0                             C8       C8        1       80       1
                dataCOMRAM                           4E       4E        1        1       1
                bssCOMRAM                            3F       3F        C        1       1
                cinit                              1E82     1E82       50        C       0
                nvBANK0                              C6       C6        2       80       1
                nvCOMRAM                             4B       4B        3        1       1
                idataCOMRAM                        235A     235A        1        C       0

TOTAL           Name                               Link     Load   Length     Space
        CLASS   STACK          

        CLASS   CODE           
                end_init                             B6       B6        4         0
                intcodelo                            18       18       9E         0
                intcode                               8        8        C         0
                reset_vec                             0        0        6         0
                text52                             2354     2354        6         0
                text51                             2246     2246       24         0
                text50                             2340     2340        C         0
                text49                             21C8     21C8       2E         0
                text48                             1ED2     1ED2       4E         0
                text47                             20B0     20B0       40         0
                text46                             14BC     14BC       F6         0
                text45                             2162     2162       36         0
                text44                              6FC      6FC      4F6         0
                text43                             1844     1844       C8         0
                text42                             10AC     10AC      1B4         0
                text41                               BA       BA      642         0
                text40                             226A     226A       22         0
                text39                             1396     1396      126         0
                text38                             202E     202E       42         0
                text37                             232E     232E       12         0
                text36                             1B08     1B08       84         0
                intcode_body                       1B8C     1B8C       82         0
                text34                             231C     231C       12         0
                text33                             2070     2070       40         0
                text32                             19CC     19CC       AA         0
                text31                             2220     2220       26         0
                text30                             230A     230A       12         0
                text29                             2198     2198       30         0
                text28                             228C     228C       1E         0
                text27                             15B2     15B2       E6         0
                text26                             1DD2     1DD2       5C         0
                text24                             1A76     1A76       92         0
                text23                             1D74     1D74       5E         0
                text22                             1260     1260      136         0
                text21                             1FEC     1FEC       42         0
                text20                             1FAA     1FAA       42         0
                text19                             22AA     22AA       16         0
                text18                             212C     212C       36         0
                text17                             22F8     22F8       12         0
                text16                             1F20     1F20       46         0
                text15                             1F66     1F66       44         0
                text14                             1C0E     1C0E       7E         0
                text13                             234C     234C        8         0
                text12                             1776     1776       CE         0
                text11                             1C8C     1C8C       7A         0
                text10                             1D06     1D06       6E         0
                text9                              22E6     22E6       12         0
                text8                              21F6     21F6       2A         0
                text7                              1E2E     1E2E       54         0
                text6                              20F0     20F0       3C         0
                text5                              1698     1698       DE         0
                text4                               E80      E80      22C         0
                text3                              22D4     22D4       12         0
                text2                              22C0     22C0       14         0
                text1                              190C     190C       C0         0
                text0                               BF2      BF2      28E         0
                cinit                              1E82     1E82       50         0
                idataCOMRAM                        235A     235A        1         0

        CLASS   CONST          

        CLASS   SMALLCONST     

        CLASS   MEDIUMCONST    

        CLASS   COMRAM         
                cstackCOMRAM                          1        1       3E         1
                dataCOMRAM                           4E       4E        1         1
                bssCOMRAM                            3F       3F        C         1
                nvCOMRAM                             4B       4B        3         1

        CLASS   ABS1           

        CLASS   BIGRAM         

        CLASS   RAM            

        CLASS   BANK0          
                cstackBANK0                          80       80       46         1
                bssBANK0                             C8       C8        1         1
                nvBANK0                              C6       C6        2         1

        CLASS   BANK1          
                cstackBANK1                         100      100       84         1
                bssBANK1                            184      184       66         1

        CLASS   BANK2          
                bssBANK2                            200      200       CC         1

        CLASS   BANK3          
                bssBANK3                            300      300       66         1

        CLASS   SFR            

        CLASS   FARRAM         

        CLASS   CONFIG         
                config                             7FF8     7FF8        6         0

        CLASS   IDLOC          



SEGMENTS        Name                           Load    Length   Top    Selector   Space  Class

                reset_vec                      000000  000006  000006         0       0  CODE    
                cstackCOMRAM                   000001  00004E  00004F         1       1  COMRAM  
                intcode                        000008  00000C  000014         4       0  CODE    
                intcodelo                      000018  002343  00235B         C       0  CODE    
                cstackBANK0                    000080  000049  0000C9        80       1  BANK0   
                cstackBANK1                    000100  0000EA  0001EA       100       1  BANK1   
                bssBANK2                       000200  0000CC  0002CC       200       1  BANK2   
                bssBANK3                       000300  000066  000366       300       1  BANK3   
                config                         007FF8  000006  007FFE      7FF8       0  CONFIG  


UNUSED ADDRESS RANGES

        Name                Unused          Largest block    Delta
        BANK0            000C9-000FF              37
        BANK1            001EA-001FF              16
        BANK2            002CC-002FF              34
        BANK3            00366-003FF              9A
        BIGRAM           0004F-0007F              31
                         000C9-000FF              37
                         001EA-001FF              16
                         002CC-002FF              34
                         00366-003FF              9A
        CODE             00006-00007               2
                         00014-00017               4
                         0235B-07FF7            5C9D
        COMRAM           0004F-0007F              31
        CONST            00006-00007               2
                         00014-00017               4
                         0235B-07FF7            5C9D
        MEDIUMCONST      0235B-07FF7            5C9D
        RAM              000C9-000FF              37
                         001EA-001FF              16
                         002CC-002FF              34
                         00366-003FF              9A
        SFR              00F80-00FFC              7D
        SMALLCONST       0235B-07FF7             100
        STACK            00366-003FF              9A

                                  Symbol Table

?_ReadTimer1                        cstackCOMRAM  00001
?_in_high_int                       cstackBANK0   000A7
?_in_low_int                        cstackBANK0   000A9
?_in_main                           cstackBANK0   000AB
?i2_in_high_int                     cstackCOMRAM  00032
?i2_in_low_int                      cstackCOMRAM  00034
Delay1KTCYx@unit                    cstackBANK0   000A7
FromMainHigh_recvmsg@data           cstackBANK0   0008E
FromMainHigh_recvmsg@maxlength      cstackCOMRAM  0003E
FromMainHigh_recvmsg@msgtype        cstackBANK0   0008C
OpenUSART@config                    cstackBANK0   000AC
OpenUSART@spbrg                     cstackBANK0   000A7
ReadTimer1@timer                    cstackCOMRAM  00003
ReadUSART@data                      cstackCOMRAM  00001
ToMainHigh_recvmsg@data             cstackBANK0   000C1
ToMainHigh_recvmsg@maxlength        cstackBANK0   000C3
ToMainHigh_recvmsg@msgtype          cstackBANK0   000BF
ToMainHigh_sendmsg@data             cstackBANK0   0008C
ToMainHigh_sendmsg@length           cstackCOMRAM  0003D
ToMainHigh_sendmsg@msgtype          cstackBANK0   0008B
ToMainLow_recvmsg@data              cstackBANK0   000C1
ToMainLow_recvmsg@maxlength         cstackBANK0   000C3
ToMainLow_recvmsg@msgtype           cstackBANK0   000BF
ToMainLow_sendmsg@data              cstackCOMRAM  00018
ToMainLow_sendmsg@length            cstackCOMRAM  0001A
ToMainLow_sendmsg@msgtype           cstackCOMRAM  00017
WriteTimer0@timer                   cstackCOMRAM  00034
WriteTimer0@timer0                  cstackCOMRAM  00032
WriteTimer1@timer                   cstackCOMRAM  00003
WriteTimer1@timer1                  cstackCOMRAM  00001
WriteUSART@data                     cstackBANK0   000A7
_Delay1KTCYx                        text19        022AA
_FromMainHigh_MQ                    bssBANK3      00300
_FromMainHigh_recvmsg               text38        0202E
_FromMainLow_MQ                     bssBANK2      00200
_INTCONbits                         (abs)         00FF2
_IPR1bits                           (abs)         00F9F
_InterruptHandlerHigh               intcode       00008
_InterruptHandlerLow                intcodelo     00018
_LATB                               (abs)         00F8A
_LATCbits                           (abs)         00F8B
_MQ_Main_Willing_to_block           bssCOMRAM     00049
_OSCCON                             (abs)         00FD3
_OSCCONbits                         (abs)         00FD3
_OSCTUNEbits                        (abs)         00F9B
_OpenUSART                          text24        01A76
_PIE1bits                           (abs)         00F9D
_PIR1bits                           (abs)         00F9E
_RCONbits                           (abs)         00FD0
_RCREG                              (abs)         00FAE
_RCSTA                              (abs)         00FAB
_RCSTAbits                          (abs)         00FAB
_ReadTimer1                         text34        0231C
_ReadUSART                          text28        0228C
_SPBRG                              (abs)         00FAF
_SPBRGH                             (abs)         00FB0
_SSPADD                             (abs)         00FC8
_SSPBUF                             (abs)         00FC9
_SSPCON1                            (abs)         00FC6
_SSPCON1bits                        (abs)         00FC6
_SSPCON2                            (abs)         00FC5
_SSPCON2bits                        (abs)         00FC5
_SSPSTAT                            (abs)         00FC7
_SSPSTATbits                        (abs)         00FC7
_Send                               bssCOMRAM     0003F
_SleepIfOkay                        text48        01ED2
_State                              nvCOMRAM      0004D
_TMR0H                              (abs)         00FD7
_TMR0L                              (abs)         00FD6
_TMR1H                              (abs)         00FCF
_TMR1L                              (abs)         00FCE
_TRISB                              (abs)         00F93
_TRISCbits                          (abs)         00F94
_TXREG                              (abs)         00FAD
_TXSTA                              (abs)         00FAC
_TXSTAbits                          (abs)         00FAC
_ToMainHigh_MQ                      bssBANK2      00266
_ToMainHigh_recvmsg                 text21        01FEC
_ToMainHigh_sendmsg                 text45        02162
_ToMainLow_MQ                       bssBANK1      00184
_ToMainLow_recvmsg                  text20        01FAA
_ToMainLow_sendmsg                  text31        02220
_USART_Status                       bssCOMRAM     0004A
_WriteTimer0                        text37        0232E
_WriteTimer1                        text30        0230A
_WriteUSART                         text2         022C0
__CFG_CCP2MX$DEFAULT                (abs)         00000
__CFG_CP0$OFF                       (abs)         00000
__CFG_FCMEN$ON                      (abs)         00000
__CFG_FOSC$HSPLL                    (abs)         00000
__CFG_FOSC2$ON                      (abs)         00000
__CFG_IESO$ON                       (abs)         00000
__CFG_STVREN$OFF                    (abs)         00000
__CFG_WDTEN$OFF                     (abs)         00000
__CFG_WDTPS$32768                   (abs)         00000
__CFG_XINST$OFF                     (abs)         00000
__HRAM                              (abs)         00000
__Habs1                             abs1          00000
__Hbank0                            bank0         00000
__Hbank1                            bank1         00000
__Hbank2                            bank2         00000
__Hbank3                            bank3         00000
__Hbigbss                           bigbss        00000
__Hbigdata                          bigdata       00000
__Hbigram                           bigram        00000
__Hbss                              bss           00000
__HbssBANK0                         bssBANK0      00000
__HbssBANK1                         bssBANK1      00000
__HbssBANK2                         bssBANK2      00000
__HbssBANK3                         bssBANK3      00000
__HbssCOMRAM                        bssCOMRAM     00000
__Hcinit                            cinit         00000
__Hclrtext                          clrtext       00000
__Hcomram                           comram        00000
__Hconfig                           config        07FFE
__Hconst                            const         00000
__HcstackBANK0                      cstackBANK0   00000
__HcstackBANK1                      cstackBANK1   00000
__HcstackCOMRAM                     cstackCOMRAM  00000
__Hdata                             data          00000
__HdataCOMRAM                       dataCOMRAM    00000
__Hend_init                         end_init      000BA
__Hfarbss                           farbss        00000
__Hfardata                          fardata       00000
__Hibigdata                         ibigdata      00000
__Hidata                            idata         00000
__HidataCOMRAM                      idataCOMRAM   00000
__Hidloc                            idloc         00000
__Hifardata                         ifardata      00000
__Hinit                             init          000B6
__Hintcode                          intcode       00014
__Hintcode_body                     intcode_body  00000
__Hintcodelo                        intcodelo     000B6
__Hintentry                         intentry      00000
__Hintret                           intret        00000
__Hintsave_regs                     intsave_regs  00000
__Hirdata                           irdata        00000
__Hjflash_buffer                    jflash_buffer 07800
__Hmediumconst                      mediumconst   00000
__HnvBANK0                          nvBANK0       00000
__HnvCOMRAM                         nvCOMRAM      00000
__HnvFARRAM                         nvFARRAM      00000
__Hnvbit                            nvbit         00000
__Hnvrram                           nvrram        00000
__Hparam                            rparam        00000
__Hpowerup                          powerup       000B6
__Hram                              ram           00000
__Hramtop                           ramtop        00400
__Hrbit                             rbit          00000
__Hrbss                             rbss          00000
__Hrdata                            rdata         00000
__Hreset_vec                        reset_vec     00006
__Hrparam                           rparam        00000
__Hsfr                              sfr           00000
__Hsmallconst                       smallconst    00000
__Hstack                            stack         00000
__Hstruct                           struct        00000
__Htemp                             temp          00000
__Htext                             text          00000
__Htext0                            text0         00000
__Htext1                            text1         00000
__Htext10                           text10        00000
__Htext11                           text11        00000
__Htext12                           text12        00000
__Htext13                           text13        00000
__Htext14                           text14        00000
__Htext15                           text15        00000
__Htext16                           text16        00000
__Htext17                           text17        00000
__Htext18                           text18        00000
__Htext19                           text19        00000
__Htext2                            text2         00000
__Htext20                           text20        00000
__Htext21                           text21        00000
__Htext22                           text22        00000
__Htext23                           text23        00000
__Htext24                           text24        00000
__Htext26                           text26        00000
__Htext27                           text27        00000
__Htext28                           text28        00000
__Htext29                           text29        00000
__Htext3                            text3         00000
__Htext30                           text30        00000
__Htext31                           text31        00000
__Htext32                           text32        00000
__Htext33                           text33        00000
__Htext34                           text34        00000
__Htext36                           text36        00000
__Htext37                           text37        00000
__Htext38                           text38        00000
__Htext39                           text39        00000
__Htext4                            text4         00000
__Htext40                           text40        00000
__Htext41                           text41        00000
__Htext42                           text42        00000
__Htext43                           text43        00000
__Htext44                           text44        00000
__Htext45                           text45        00000
__Htext46                           text46        00000
__Htext47                           text47        00000
__Htext48                           text48        00000
__Htext49                           text49        00000
__Htext5                            text5         00000
__Htext50                           text50        00000
__Htext51                           text51        00000
__Htext52                           text52        00000
__Htext6                            text6         00000
__Htext7                            text7         00000
__Htext8                            text8         00000
__Htext9                            text9         00000
__LRAM                              (abs)         00001
__Labs1                             abs1          00000
__Lbank0                            bank0         00000
__Lbank1                            bank1         00000
__Lbank2                            bank2         00000
__Lbank3                            bank3         00000
__Lbigbss                           bigbss        00000
__Lbigdata                          bigdata       00000
__Lbigram                           bigram        00000
__Lbss                              bss           00000
__LbssBANK0                         bssBANK0      00000
__LbssBANK1                         bssBANK1      00000
__LbssBANK2                         bssBANK2      00000
__LbssBANK3                         bssBANK3      00000
__LbssCOMRAM                        bssCOMRAM     00000
__Lcinit                            cinit         00000
__Lclrtext                          clrtext       00000
__Lcomram                           comram        00000
__Lconfig                           config        07FF8
__Lconst                            const         00000
__LcstackBANK0                      cstackBANK0   00000
__LcstackBANK1                      cstackBANK1   00000
__LcstackCOMRAM                     cstackCOMRAM  00000
__Ldata                             data          00000
__LdataCOMRAM                       dataCOMRAM    00000
__Lend_init                         end_init      000B6
__Lfarbss                           farbss        00000
__Lfardata                          fardata       00000
__Libigdata                         ibigdata      00000
__Lidata                            idata         00000
__LidataCOMRAM                      idataCOMRAM   00000
__Lidloc                            idloc         00000
__Lifardata                         ifardata      00000
__Linit                             init          000B6
__Lintcode                          intcode       00008
__Lintcode_body                     intcode_body  00000
__Lintcodelo                        intcodelo     00018
__Lintentry                         intentry      00000
__Lintret                           intret        00000
__Lintsave_regs                     intsave_regs  00000
__Lirdata                           irdata        00000
__Ljflash_buffer                    jflash_buffer 07800
__Lmediumconst                      mediumconst   00000
__LnvBANK0                          nvBANK0       00000
__LnvCOMRAM                         nvCOMRAM      00000
__LnvFARRAM                         nvFARRAM      00000
__Lnvbit                            nvbit         00000
__Lnvrram                           nvrram        00000
__Lparam                            rparam        00000
__Lpowerup                          powerup       000B6
__Lram                              ram           00000
__Lramtop                           ramtop        00400
__Lrbit                             rbit          00000
__Lrbss                             rbss          00000
__Lrdata                            rdata         00000
__Lreset_vec                        reset_vec     00000
__Lrparam                           rparam        00000
__Lsfr                              sfr           00000
__Lsmallconst                       smallconst    00000
__Lstack                            stack         00000
__Lstruct                           struct        00000
__Ltemp                             temp          00000
__Ltext                             text          00000
__Ltext0                            text0         00000
__Ltext1                            text1         00000
__Ltext10                           text10        00000
__Ltext11                           text11        00000
__Ltext12                           text12        00000
__Ltext13                           text13        00000
__Ltext14                           text14        00000
__Ltext15                           text15        00000
__Ltext16                           text16        00000
__Ltext17                           text17        00000
__Ltext18                           text18        00000
__Ltext19                           text19        00000
__Ltext2                            text2         00000
__Ltext20                           text20        00000
__Ltext21                           text21        00000
__Ltext22                           text22        00000
__Ltext23                           text23        00000
__Ltext24                           text24        00000
__Ltext26                           text26        00000
__Ltext27                           text27        00000
__Ltext28                           text28        00000
__Ltext29                           text29        00000
__Ltext3                            text3         00000
__Ltext30                           text30        00000
__Ltext31                           text31        00000
__Ltext32                           text32        00000
__Ltext33                           text33        00000
__Ltext34                           text34        00000
__Ltext36                           text36        00000
__Ltext37                           text37        00000
__Ltext38                           text38        00000
__Ltext39                           text39        00000
__Ltext4                            text4         00000
__Ltext40                           text40        00000
__Ltext41                           text41        00000
__Ltext42                           text42        00000
__Ltext43                           text43        00000
__Ltext44                           text44        00000
__Ltext45                           text45        00000
__Ltext46                           text46        00000
__Ltext47                           text47        00000
__Ltext48                           text48        00000
__Ltext49                           text49        00000
__Ltext5                            text5         00000
__Ltext50                           text50        00000
__Ltext51                           text51        00000
__Ltext52                           text52        00000
__Ltext6                            text6         00000
__Ltext7                            text7         00000
__Ltext8                            text8         00000
__Ltext9                            text9         00000
__S0                                (abs)         07FFE
__S1                                (abs)         00366
__S2                                (abs)         00000
___extmem_base                      (abs)         20000
___inthi_sp                         stack         00000
___intlo_sp                         stack         00000
___sp                               stack         00000
__accesstop                         (abs)         00080
__activetblptr                      (abs)         00002
__end_of_Delay1KTCYx                text19        022C0
__end_of_FromMainHigh_recvmsg       text38        02070
__end_of_InterruptHandlerHigh       intcode_body  01C0E
__end_of_InterruptHandlerLow        intcodelo     000B6
__end_of_OpenUSART                  text24        01B08
__end_of_ReadTimer1                 text34        0232E
__end_of_ReadUSART                  text28        022AA
__end_of_SleepIfOkay                text48        01F20
__end_of_ToMainHigh_recvmsg         text21        0202E
__end_of_ToMainHigh_sendmsg         text45        02198
__end_of_ToMainLow_recvmsg          text20        01FEC
__end_of_ToMainLow_sendmsg          text31        02246
__end_of_WriteTimer0                text37        02340
__end_of_WriteTimer1                text30        0231C
__end_of_WriteUSART                 text2         022D4
__end_of__initialization            cinit         01EC8
__end_of_block_on_To_msgqueues      text14        01C8C
__end_of_check_msg                  text18        02162
__end_of_enable_interrupts          text13        02354
__end_of_enter_sleep_mode           text52        0235A
__end_of_handle_start               text43        0190C
__end_of_i2c_configure_master       text7         01E82
__end_of_i2c_int_handler            text40        0228C
__end_of_i2c_master_int_handler     text44        00BF2
__end_of_i2c_master_recv            text6         0212C
__end_of_i2c_master_send            text5         01776
__end_of_i2c_slave_int_handler      text41        006FC
__end_of_in_high_int                text17        0230A
__end_of_in_low_int                 text16        01F66
__end_of_in_main                    text15        01FAA
__end_of_init_i2c                   text12        01844
__end_of_init_queue                 text11        01D06
__end_of_init_queues                text10        01D74
__end_of_init_timer1_lthread        text9         022F8
__end_of_init_uart_recv             text8         02220
__end_of_main                       text0         00E80
__end_of_memcpy                     text23        01DD2
__end_of_parseUART                  text27        01698
__end_of_parser_lthread             text4         010AC
__end_of_recv_msg                   text22        01396
__end_of_send_msg                   text32        01A76
__end_of_start_i2c_slave_reply      text42        01260
__end_of_timer0_int_handler         text36        01B8C
__end_of_timer0_lthread             text3         022E6
__end_of_timer1_int_handler         text29        021C8
__end_of_uart_lthread               text1         019CC
__end_of_uart_recv_int_handler      text26        01E2E
__end_ofi1_memcpy                   text33        020B0
__end_ofi2_check_msg                text51        0226A
__end_ofi2_in_high_int              text50        0234C
__end_ofi2_in_low_int               text49        021F6
__end_ofi2_memcpy                   text47        020F0
__end_ofi2_recv_msg                 text39        014BC
__end_ofi2_send_msg                 text46        015B2
__initialization                    cinit         01E82
__mediumconst                       mediumconst   00000
__pbssBANK0                         bssBANK0      000C8
__pbssBANK1                         bssBANK1      00184
__pbssBANK2                         bssBANK2      00200
__pbssBANK3                         bssBANK3      00300
__pbssCOMRAM                        bssCOMRAM     0003F
__pcinit                            cinit         01E82
__pcstackBANK0                      cstackBANK0   00080
__pcstackBANK1                      cstackBANK1   00100
__pcstackCOMRAM                     cstackCOMRAM  00001
__pdataCOMRAM                       dataCOMRAM    0004E
__pidataCOMRAM                      idataCOMRAM   0235A
__pintcode                          intcode       00008
__pintcode_body                     intcode_body  01B8C
__pintcodelo                        intcodelo     00018
__pnvBANK0                          nvBANK0       000C6
__pnvCOMRAM                         nvCOMRAM      0004B
__ptext0                            text0         00BF2
__ptext1                            text1         0190C
__ptext10                           text10        01D06
__ptext11                           text11        01C8C
__ptext12                           text12        01776
__ptext13                           text13        0234C
__ptext14                           text14        01C0E
__ptext15                           text15        01F66
__ptext16                           text16        01F20
__ptext17                           text17        022F8
__ptext18                           text18        0212C
__ptext19                           text19        022AA
__ptext2                            text2         022C0
__ptext20                           text20        01FAA
__ptext21                           text21        01FEC
__ptext22                           text22        01260
__ptext23                           text23        01D74
__ptext24                           text24        01A76
__ptext26                           text26        01DD2
__ptext27                           text27        015B2
__ptext28                           text28        0228C
__ptext29                           text29        02198
__ptext3                            text3         022D4
__ptext30                           text30        0230A
__ptext31                           text31        02220
__ptext32                           text32        019CC
__ptext33                           text33        02070
__ptext34                           text34        0231C
__ptext36                           text36        01B08
__ptext37                           text37        0232E
__ptext38                           text38        0202E
__ptext39                           text39        01396
__ptext4                            text4         00E80
__ptext40                           text40        0226A
__ptext41                           text41        000BA
__ptext42                           text42        010AC
__ptext43                           text43        01844
__ptext44                           text44        006FC
__ptext45                           text45        02162
__ptext46                           text46        014BC
__ptext47                           text47        020B0
__ptext48                           text48        01ED2
__ptext49                           text49        021C8
__ptext5                            text5         01698
__ptext50                           text50        02340
__ptext51                           text51        02246
__ptext52                           text52        02354
__ptext6                            text6         020F0
__ptext7                            text7         01E2E
__ptext8                            text8         021F6
__ptext9                            text9         022E6
__ramtop                            ramtop        00400
__size_of_Delay1KTCYx               (abs)         00000
__size_of_FromMainHigh_recvmsg      (abs)         00000
__size_of_InterruptHandlerHigh      (abs)         00000
__size_of_InterruptHandlerLow       (abs)         00000
__size_of_OpenUSART                 (abs)         00000
__size_of_ReadTimer1                (abs)         00000
__size_of_ReadUSART                 (abs)         00000
__size_of_SleepIfOkay               (abs)         00000
__size_of_ToMainHigh_recvmsg        (abs)         00000
__size_of_ToMainHigh_sendmsg        (abs)         00000
__size_of_ToMainLow_recvmsg         (abs)         00000
__size_of_ToMainLow_sendmsg         (abs)         00000
__size_of_WriteTimer0               (abs)         00000
__size_of_WriteTimer1               (abs)         00000
__size_of_WriteUSART                (abs)         00000
__size_of_block_on_To_msgqueues     (abs)         00000
__size_of_check_msg                 (abs)         00000
__size_of_enable_interrupts         (abs)         00000
__size_of_enter_sleep_mode          (abs)         00000
__size_of_handle_start              (abs)         00000
__size_of_i2c_configure_master      (abs)         00000
__size_of_i2c_int_handler           (abs)         00000
__size_of_i2c_master_int_handler    (abs)         00000
__size_of_i2c_master_recv           (abs)         00000
__size_of_i2c_master_send           (abs)         00000
__size_of_i2c_slave_int_handler     (abs)         00000
__size_of_in_high_int               (abs)         00000
__size_of_in_low_int                (abs)         00000
__size_of_in_main                   (abs)         00000
__size_of_init_i2c                  (abs)         00000
__size_of_init_queue                (abs)         00000
__size_of_init_queues               (abs)         00000
__size_of_init_timer1_lthread       (abs)         00000
__size_of_init_uart_recv            (abs)         00000
__size_of_main                      (abs)         00000
__size_of_memcpy                    (abs)         00000
__size_of_parseUART                 (abs)         00000
__size_of_parser_lthread            (abs)         00000
__size_of_recv_msg                  (abs)         00000
__size_of_send_msg                  (abs)         00000
__size_of_start_i2c_slave_reply     (abs)         00000
__size_of_timer0_int_handler        (abs)         00000
__size_of_timer0_lthread            (abs)         00000
__size_of_timer1_int_handler        (abs)         00000
__size_of_uart_lthread              (abs)         00000
__size_of_uart_recv_int_handler     (abs)         00000
__size_ofi1_memcpy                  (abs)         00000
__size_ofi2_check_msg               (abs)         00000
__size_ofi2_in_high_int             (abs)         00000
__size_ofi2_in_low_int              (abs)         00000
__size_ofi2_memcpy                  (abs)         00000
__size_ofi2_recv_msg                (abs)         00000
__size_ofi2_send_msg                (abs)         00000
__smallconst                        smallconst    00000
_block_on_To_msgqueues              text14        01C0E
_check_msg                          text18        0212C
_command_count                      bssCOMRAM     00041
_command_length                     bssCOMRAM     00043
_enable_interrupts                  text13        0234C
_enter_sleep_mode                   text52        02354
_handle_start                       text43        01844
_i2c_configure_master               text7         01E2E
_i2c_int_handler                    text40        0226A
_i2c_master_int_handler             text44        006FC
_i2c_master_recv                    text6         020F0
_i2c_master_send                    text5         01698
_i2c_mode                           bssBANK0      000C8
_i2c_slave_int_handler              text41        000BA
_ic_ptr                             nvBANK0       000C6
_in_high_int                        text17        022F8
_in_low_int                         text16        01F20
_in_main                            text15        01F66
_init_i2c                           text12        01776
_init_queue                         text11        01C8C
_init_queues                        text10        01D06
_init_timer1_lthread                text9         022E6
_init_uart_recv                     text8         021F6
_lastMotorCommand                   dataCOMRAM    0004E
_main                               text0         00BF2
_memcpy                             text23        01D74
_motor_count                        bssCOMRAM     00045
_motor_length                       bssCOMRAM     00047
_parseUART                          text27        015B2
_parser_lthread                     text4         00E80
_recv_msg                           text22        01260
_send_msg                           text32        019CC
_start_i2c_slave_reply              text42        010AC
_timer0_int_handler                 text36        01B08
_timer0_lthread                     text3         022D4
_timer1_int_handler                 text29        02198
_uart_lthread                       text1         0190C
_uart_recv_int_handler              text26        01DD2
_uc_ptr                             nvCOMRAM      0004B
check_msg@qptr                      cstackBANK0   000A7
end_of_initialization               cinit         01EC8
handle_start@data_read              cstackCOMRAM  00032
i1_memcpy                           text33        02070
i1memcpy@d                          cstackCOMRAM  00007
i1memcpy@d1                         cstackCOMRAM  00001
i1memcpy@n                          cstackCOMRAM  00005
i1memcpy@s                          cstackCOMRAM  00009
i1memcpy@s1                         cstackCOMRAM  00003
i2_check_msg                        text51        02246
i2_in_high_int                      text50        02340
i2_in_low_int                       text49        021C8
i2_memcpy                           text47        020B0
i2_recv_msg                         text39        01396
i2_send_msg                         text46        014BC
i2c_configure_master@slave_addr     cstackBANK0   000A8
i2c_master_recv@length              cstackBANK0   000A7
i2c_master_send@currentLength       cstackBANK0   000AC
i2c_master_send@length              cstackBANK0   000AB
i2c_master_send@msg                 cstackBANK0   000A7
i2c_slave_int_handler@data_read     cstackBANK0   00098
i2c_slave_int_handler@data_written  cstackBANK0   00093
i2c_slave_int_handler@error_buf     cstackBANK0   00090
i2c_slave_int_handler@i2c_data      cstackBANK0   00095
i2c_slave_int_handler@msg_ready     cstackBANK0   00097
i2c_slave_int_handler@msg_to_send   cstackBANK0   00096
i2c_slave_int_handler@overrun_error cstackBANK0   00094
i2check_msg@qptr                    cstackCOMRAM  00032
i2memcpy@d                          cstackCOMRAM  00038
i2memcpy@d1                         cstackCOMRAM  00032
i2memcpy@n                          cstackCOMRAM  00036
i2memcpy@s                          cstackCOMRAM  0003A
i2memcpy@s1                         cstackCOMRAM  00034
i2recv_msg@data                     cstackBANK0   00085
i2recv_msg@maxlength                cstackBANK0   00082
i2recv_msg@msgtype                  cstackBANK0   00083
i2recv_msg@qmsg                     cstackBANK0   0008A
i2recv_msg@qptr                     cstackBANK0   00080
i2recv_msg@slot                     cstackBANK0   00087
i2recv_msg@tlength                  cstackBANK0   00088
i2send_msg@data                     cstackBANK0   00084
i2send_msg@length                   cstackBANK0   00082
i2send_msg@msgtype                  cstackBANK0   00083
i2send_msg@qmsg                     cstackBANK0   00089
i2send_msg@qptr                     cstackBANK0   00080
i2send_msg@slot                     cstackBANK0   00088
i2send_msg@tlength                  cstackBANK0   00086
init_i2c@ic                         cstackBANK0   000A7
init_queue@i                        cstackBANK0   000AA
init_queue@qptr                     cstackBANK0   000A7
init_timer1_lthread@tptr            cstackBANK0   000A7
init_uart_recv@uc                   cstackBANK0   000A7
int_func                            intcode_body  01B8C
intlevel0                           text          00000
intlevel1                           text          00000
intlevel2                           text          00000
intlevel3                           text          00000
main@ic                             cstackBANK1   00137
main@last_reg_recvd                 cstackBANK1   00117
main@length                         cstackBANK1   00135
main@msgbuffer                      cstackBANK1   00100
main@msgtype                        cstackBANK1   00136
main@t0thread_data                  cstackBANK1   0011A
main@t1thread_data                  cstackBANK1   0011C
main@uc                             cstackBANK1   0011E
main@uthread_data                   cstackBANK1   00118
memcpy@d                            cstackBANK0   000AD
memcpy@d1                           cstackBANK0   000A7
memcpy@n                            cstackBANK0   000AB
memcpy@s                            cstackBANK0   000AF
memcpy@s1                           cstackBANK0   000A9
parser_lthread@Command              cstackBANK0   000BF
parser_lthread@checksum             cstackBANK0   000BE
parser_lthread@data                 cstackBANK0   000B9
parser_lthread@i                    cstackBANK0   000C0
parser_lthread@length               cstackBANK0   000B0
parser_lthread@movement             cstackBANK0   000C2
parser_lthread@msgbuf               cstackBANK0   000B2
parser_lthread@msgtype              cstackBANK0   000AE
recv_msg@data                       cstackBANK0   000B6
recv_msg@maxlength                  cstackBANK0   000B3
recv_msg@msgtype                    cstackBANK0   000B4
recv_msg@qmsg                       cstackBANK0   000BD
recv_msg@qptr                       cstackBANK0   000B1
recv_msg@slot                       cstackBANK0   000BA
recv_msg@tlength                    cstackBANK0   000BB
send_msg@data                       cstackCOMRAM  0000F
send_msg@length                     cstackCOMRAM  0000D
send_msg@msgtype                    cstackCOMRAM  0000E
send_msg@qmsg                       cstackCOMRAM  00015
send_msg@qptr                       cstackCOMRAM  0000B
send_msg@slot                       cstackCOMRAM  00014
send_msg@tlength                    cstackCOMRAM  00012
stackhi                             (abs)         003FF
stacklo                             (abs)         00366
start                               init          000B6
start_i2c_slave_reply@length        cstackCOMRAM  00037
start_i2c_slave_reply@msg           cstackCOMRAM  00032
start_initialization                cinit         01E82
timer0_int_handler@length           cstackBANK0   00091
timer0_int_handler@msgtype          cstackBANK0   00093
timer0_int_handler@val              cstackBANK0   00095
timer0_lthread@length               cstackBANK0   000AB
timer0_lthread@msgbuffer            cstackBANK0   000AD
timer0_lthread@msgtype              cstackBANK0   000A9
timer0_lthread@msgval               cstackBANK0   000AF
timer0_lthread@tptr                 cstackBANK0   000A7
timer1_int_handler@result           cstackCOMRAM  0001C
uart_lthread@length                 cstackBANK0   000AC
uart_lthread@msgbuffer              cstackBANK0   000AE
uart_lthread@msgtype                cstackBANK0   000AA
uart_lthread@uptr                   cstackBANK0   000A8
uart_lthread@x                      cstackBANK0   000B1


FUNCTION INFORMATION:

 *************** function _main *****************
 Defined at:
		line 187 in file "source/main.c"
 Parameters:    Size  Location     Type
		None
 Auto vars:     Size  Location     Type
  ic             77   55[BANK1 ] struct __i2c_comm
  msgbuffer      23    0[BANK1 ] unsigned char [23]
  uc             23   30[BANK1 ] struct __uart_comm
  t1thread_dat    2   28[BANK1 ] struct __timer1_thread_s
  t0thread_dat    2   26[BANK1 ] struct __timer0_thread_s
  uthread_data    2   24[BANK1 ] struct __uart_thread_str
  msgtype         1   54[BANK1 ] unsigned char 
  length          1   53[BANK1 ] char 
  last_reg_rec    1   23[BANK1 ] unsigned char 
  i               1    0        unsigned char 
  c               1    0        unsigned char 
 Return value:  Size  Location     Type
		None               void
 Registers used:
		wreg, fsr0l, fsr0h, fsr1l, fsr1h, fsr1l, fsr1h, fsr2l, fsr2h, status,2, status,0, pclat, btemp, btemp+1, btemp+2, btemp+3, btemp+4, btemp+5, btemp+6, btemp+7, btemp+8, btemp+9, btemp+10, btemp+11, tosl, structret, tblptrl, tblptrh, tblptru, prodl, prodh, bsr, cstack
 Tracked objects:
		On entry : 
		On exit  : 
		Unchanged: 
 Data sizes:     COMRAM   BANK0   BANK1   BANK2   BANK3
      Params:         0       0       0       0       0
      Locals:         0       0     132       0       0
      Temps:          0       2       0       0       0
      Totals:         0       2     132       0       0
Total ram usage:      134 bytes
 Hardware stack levels required when called:   16
 This function calls:
		_OpenUSART
		_ToMainHigh_recvmsg
		_ToMainLow_recvmsg
		_block_on_To_msgqueues
		_enable_interrupts
		_init_i2c
		_init_queues
		_init_timer1_lthread
		_init_uart_recv
		_parser_lthread
		_timer0_lthread
		_uart_lthread
 This function is called by:
		Startup code after reset
 This function uses a non-reentrant model


 *************** function _uart_lthread *****************
 Defined at:
		line 9 in file "source/uart_thread.c"
 Parameters:    Size  Location     Type
  uptr            2   40[BANK0 ] PTR struct __uart_thread
		 -> NULL(0), main@uthread_data(2), 
  msgtype         2   42[BANK0 ] int 
  length          2   44[BANK0 ] int 
  msgbuffer       2   46[BANK0 ] PTR unsigned char 
		 -> main@msgbuffer(23), 
 Auto vars:     Size  Location     Type
  x               2   49[BANK0 ] int 
 Return value:  Size  Location     Type
                  2   40[BANK0 ] int 
 Registers used:
		wreg, fsr2l, fsr2h, status,2, status,0, cstack
 Tracked objects:
		On entry : 
		On exit  : 
		Unchanged: 
 Data sizes:     COMRAM   BANK0   BANK1   BANK2   BANK3
      Params:         0       8       0       0       0
      Locals:         0       2       0       0       0
      Temps:          0       1       0       0       0
      Totals:         0      11       0       0       0
Total ram usage:       11 bytes
 Hardware stack levels used:    1
 Hardware stack levels required when called:   13
 This function calls:
		_WriteUSART
 This function is called by:
		_main
 This function uses a non-reentrant model


 *************** function _WriteUSART *****************
 Defined at:
		line 13 in file "/Applications/microchip/xc8/v1.30/sources/pic18/plib/USART/uwrite.c"
 Parameters:    Size  Location     Type
  data            1    wreg     unsigned char 
 Auto vars:     Size  Location     Type
  data            1   39[BANK0 ] unsigned char 
 Return value:  Size  Location     Type
		None               void
 Registers used:
		wreg
 Tracked objects:
		On entry : 
		On exit  : 
		Unchanged: 
 Data sizes:     COMRAM   BANK0   BANK1   BANK2   BANK3
      Params:         0       0       0       0       0
      Locals:         0       1       0       0       0
      Temps:          0       0       0       0       0
      Totals:         0       1       0       0       0
Total ram usage:        1 bytes
 Hardware stack levels used:    1
 Hardware stack levels required when called:   12
 This function calls:
		Nothing
 This function is called by:
		_uart_lthread
 This function uses a non-reentrant model


 *************** function _timer0_lthread *****************
 Defined at:
		line 9 in file "source/timer0_thread.c"
 Parameters:    Size  Location     Type
  tptr            2   39[BANK0 ] PTR struct __timer0_thre
		 -> main@t0thread_data(2), 
  msgtype         2   41[BANK0 ] int 
  length          2   43[BANK0 ] int 
  msgbuffer       2   45[BANK0 ] PTR unsigned char 
		 -> main@msgbuffer(23), 
 Auto vars:     Size  Location     Type
  msgval          2   47[BANK0 ] PTR unsigned int 
		 -> main@msgbuffer(23), 
 Return value:  Size  Location     Type
                  2   39[BANK0 ] int 
 Registers used:
		wreg, status,2, status,0
 Tracked objects:
		On entry : 
		On exit  : 
		Unchanged: 
 Data sizes:     COMRAM   BANK0   BANK1   BANK2   BANK3
      Params:         0       8       0       0       0
      Locals:         0       2       0       0       0
      Temps:          0       0       0       0       0
      Totals:         0      10       0       0       0
Total ram usage:       10 bytes
 Hardware stack levels used:    1
 Hardware stack levels required when called:   12
 This function calls:
		Nothing
 This function is called by:
		_main
 This function uses a non-reentrant model


 *************** function _parser_lthread *****************
 Defined at:
		line 6 in file "source/Parser_thread.c"
 Parameters:    Size  Location     Type
  msgtype         2   46[BANK0 ] int 
  length          2   48[BANK0 ] int 
  msgbuf          2   50[BANK0 ] PTR unsigned char 
		 -> main@msgbuffer(23), 
 Auto vars:     Size  Location     Type
  movement        1   66[BANK0 ] unsigned char 
  data            5   57[BANK0 ] unsigned char [5]
  Command         1   63[BANK0 ] unsigned char 
  i               2   64[BANK0 ] int 
  checksum        1   62[BANK0 ] unsigned char 
 Return value:  Size  Location     Type
                  2   46[BANK0 ] int 
 Registers used:
		wreg, fsr1l, fsr1h, fsr2l, fsr2h, status,2, status,0, cstack
 Tracked objects:
		On entry : 
		On exit  : 
		Unchanged: 
 Data sizes:     COMRAM   BANK0   BANK1   BANK2   BANK3
      Params:         0       6       0       0       0
      Locals:         0      10       0       0       0
      Temps:          0       5       0       0       0
      Totals:         0      21       0       0       0
Total ram usage:       21 bytes
 Hardware stack levels used:    1
 Hardware stack levels required when called:   13
 This function calls:
		_i2c_configure_master
		_i2c_master_recv
		_i2c_master_send
 This function is called by:
		_main
 This function uses a non-reentrant model


 *************** function _i2c_master_send *****************
 Defined at:
		line 65 in file "source/my_i2c.c"
 Parameters:    Size  Location     Type
  length          1    wreg     unsigned char 
  msg             2   39[BANK0 ] PTR unsigned char 
		 -> parser_lthread@data(5), 
 Auto vars:     Size  Location     Type
  length          1   43[BANK0 ] unsigned char 
  currentLengt    2   44[BANK0 ] unsigned int 
 Return value:  Size  Location     Type
                  1    wreg      unsigned char 
 Registers used:
		wreg, fsr1l, fsr1h, fsr2l, fsr2h, status,2, status,0
 Tracked objects:
		On entry : 
		On exit  : 
		Unchanged: 
 Data sizes:     COMRAM   BANK0   BANK1   BANK2   BANK3
      Params:         0       2       0       0       0
      Locals:         0       3       0       0       0
      Temps:          0       2       0       0       0
      Totals:         0       7       0       0       0
Total ram usage:        7 bytes
 Hardware stack levels used:    1
 Hardware stack levels required when called:   12
 This function calls:
		Nothing
 This function is called by:
		_parser_lthread
 This function uses a non-reentrant model


 *************** function _i2c_master_recv *****************
 Defined at:
		line 104 in file "source/my_i2c.c"
 Parameters:    Size  Location     Type
  length          1    wreg     unsigned char 
 Auto vars:     Size  Location     Type
  length          1   39[BANK0 ] unsigned char 
 Return value:  Size  Location     Type
                  1    wreg      unsigned char 
 Registers used:
		wreg, fsr2l, fsr2h, status,2, status,0
 Tracked objects:
		On entry : 
		On exit  : 
		Unchanged: 
 Data sizes:     COMRAM   BANK0   BANK1   BANK2   BANK3
      Params:         0       0       0       0       0
      Locals:         0       1       0       0       0
      Temps:          0       0       0       0       0
      Totals:         0       1       0       0       0
Total ram usage:        1 bytes
 Hardware stack levels used:    1
 Hardware stack levels required when called:   12
 This function calls:
		Nothing
 This function is called by:
		_parser_lthread
 This function uses a non-reentrant model


 *************** function _i2c_configure_master *****************
 Defined at:
		line 22 in file "source/my_i2c.c"
 Parameters:    Size  Location     Type
  slave_addr      1    wreg     unsigned char 
 Auto vars:     Size  Location     Type
  slave_addr      1   40[BANK0 ] unsigned char 
 Return value:  Size  Location     Type
		None               void
 Registers used:
		wreg, fsr2l, fsr2h, status,2, status,0
 Tracked objects:
		On entry : 
		On exit  : 
		Unchanged: 
 Data sizes:     COMRAM   BANK0   BANK1   BANK2   BANK3
      Params:         0       0       0       0       0
      Locals:         0       1       0       0       0
      Temps:          0       1       0       0       0
      Totals:         0       2       0       0       0
Total ram usage:        2 bytes
 Hardware stack levels used:    1
 Hardware stack levels required when called:   12
 This function calls:
		Nothing
 This function is called by:
		_parser_lthread
 This function uses a non-reentrant model


 *************** function _init_uart_recv *****************
 Defined at:
		line 52 in file "source/my_uart.c"
 Parameters:    Size  Location     Type
  uc              2   39[BANK0 ] PTR struct __uart_comm
		 -> main@uc(23), 
 Auto vars:     Size  Location     Type
		None
 Return value:  Size  Location     Type
		None               void
 Registers used:
		wreg, fsr2l, fsr2h, status,2, status,0
 Tracked objects:
		On entry : 
		On exit  : 
		Unchanged: 
 Data sizes:     COMRAM   BANK0   BANK1   BANK2   BANK3
      Params:         0       2       0       0       0
      Locals:         0       0       0       0       0
      Temps:          0       1       0       0       0
      Totals:         0       3       0       0       0
Total ram usage:        3 bytes
 Hardware stack levels used:    1
 Hardware stack levels required when called:   12
 This function calls:
		Nothing
 This function is called by:
		_main
 This function uses a non-reentrant model


 *************** function _init_timer1_lthread *****************
 Defined at:
		line 6 in file "source/timer1_thread.c"
 Parameters:    Size  Location     Type
  tptr            2   39[BANK0 ] PTR struct __timer1_thre
		 -> main@t1thread_data(2), 
 Auto vars:     Size  Location     Type
		None
 Return value:  Size  Location     Type
		None               void
 Registers used:
		wreg, fsr2l, fsr2h
 Tracked objects:
		On entry : 
		On exit  : 
		Unchanged: 
 Data sizes:     COMRAM   BANK0   BANK1   BANK2   BANK3
      Params:         0       2       0       0       0
      Locals:         0       0       0       0       0
      Temps:          0       0       0       0       0
      Totals:         0       2       0       0       0
Total ram usage:        2 bytes
 Hardware stack levels used:    1
 Hardware stack levels required when called:   12
 This function calls:
		Nothing
 This function is called by:
		_main
 This function uses a non-reentrant model


 *************** function _init_queues *****************
 Defined at:
		line 194 in file "source/messages.c"
 Parameters:    Size  Location     Type
		None
 Auto vars:     Size  Location     Type
		None
 Return value:  Size  Location     Type
		None               void
 Registers used:
		wreg, fsr2l, fsr2h, status,2, status,0, prodl, prodh, cstack
 Tracked objects:
		On entry : 
		On exit  : 
		Unchanged: 
 Data sizes:     COMRAM   BANK0   BANK1   BANK2   BANK3
      Params:         0       0       0       0       0
      Locals:         0       0       0       0       0
      Temps:          0       1       0       0       0
      Totals:         0       1       0       0       0
Total ram usage:        1 bytes
 Hardware stack levels used:    1
 Hardware stack levels required when called:   13
 This function calls:
		_init_queue
 This function is called by:
		_main
 This function uses a non-reentrant model


 *************** function _init_queue *****************
 Defined at:
		line 14 in file "source/messages.c"
 Parameters:    Size  Location     Type
  qptr            2   39[BANK0 ] PTR struct __msg_queue
		 -> FromMainHigh_MQ(102), FromMainLow_MQ(102), ToMainHigh_MQ(102), ToMainLow_MQ(102), 
 Auto vars:     Size  Location     Type
  i               1   42[BANK0 ] unsigned char 
 Return value:  Size  Location     Type
		None               void
 Registers used:
		wreg, fsr2l, fsr2h, status,2, status,0, prodl, prodh
 Tracked objects:
		On entry : 
		On exit  : 
		Unchanged: 
 Data sizes:     COMRAM   BANK0   BANK1   BANK2   BANK3
      Params:         0       2       0       0       0
      Locals:         0       1       0       0       0
      Temps:          0       1       0       0       0
      Totals:         0       4       0       0       0
Total ram usage:        4 bytes
 Hardware stack levels used:    1
 Hardware stack levels required when called:   12
 This function calls:
		Nothing
 This function is called by:
		_init_queues
 This function uses a non-reentrant model


 *************** function _init_i2c *****************
 Defined at:
		line 378 in file "source/my_i2c.c"
 Parameters:    Size  Location     Type
  ic              2   39[BANK0 ] PTR struct __i2c_comm
		 -> main@ic(77), 
 Auto vars:     Size  Location     Type
		None
 Return value:  Size  Location     Type
		None               void
 Registers used:
		wreg, fsr2l, fsr2h, status,2, status,0
 Tracked objects:
		On entry : 
		On exit  : 
		Unchanged: 
 Data sizes:     COMRAM   BANK0   BANK1   BANK2   BANK3
      Params:         0       2       0       0       0
      Locals:         0       0       0       0       0
      Temps:          0       0       0       0       0
      Totals:         0       2       0       0       0
Total ram usage:        2 bytes
 Hardware stack levels used:    1
 Hardware stack levels required when called:   12
 This function calls:
		Nothing
 This function is called by:
		_main
 This function uses a non-reentrant model


 *************** function _enable_interrupts *****************
 Defined at:
		line 14 in file "source/interrupts.c"
 Parameters:    Size  Location     Type
		None
 Auto vars:     Size  Location     Type
		None
 Return value:  Size  Location     Type
		None               void
 Registers used:
		None
 Tracked objects:
		On entry : 
		On exit  : 
		Unchanged: 
 Data sizes:     COMRAM   BANK0   BANK1   BANK2   BANK3
      Params:         0       0       0       0       0
      Locals:         0       0       0       0       0
      Temps:          0       0       0       0       0
      Totals:         0       0       0       0       0
Total ram usage:        0 bytes
 Hardware stack levels used:    1
 Hardware stack levels required when called:   12
 This function calls:
		Nothing
 This function is called by:
		_main
 This function uses a non-reentrant model


 *************** function _block_on_To_msgqueues *****************
 Defined at:
		line 258 in file "source/messages.c"
 Parameters:    Size  Location     Type
		None
 Auto vars:     Size  Location     Type
		None
 Return value:  Size  Location     Type
		None               void
 Registers used:
		wreg, fsr2l, fsr2h, status,2, status,0, prodl, prodh, cstack
 Tracked objects:
		On entry : 
		On exit  : 
		Unchanged: 
 Data sizes:     COMRAM   BANK0   BANK1   BANK2   BANK3
      Params:         0       0       0       0       0
      Locals:         0       0       0       0       0
      Temps:          0       1       0       0       0
      Totals:         0       1       0       0       0
Total ram usage:        1 bytes
 Hardware stack levels used:    1
 Hardware stack levels required when called:   15
 This function calls:
		_Delay1KTCYx
		_check_msg
		_in_main
 This function is called by:
		_main
 This function uses a non-reentrant model


 *************** function _in_main *****************
 Defined at:
		line 40 in file "source/interrupts.c"
 Parameters:    Size  Location     Type
		None
 Auto vars:     Size  Location     Type
		None
 Return value:  Size  Location     Type
                  2   43[BANK0 ] int 
 Registers used:
		wreg, status,2, status,0, cstack
 Tracked objects:
		On entry : 
		On exit  : 
		Unchanged: 
 Data sizes:     COMRAM   BANK0   BANK1   BANK2   BANK3
      Params:         0       2       0       0       0
      Locals:         0       0       0       0       0
      Temps:          0       0       0       0       0
      Totals:         0       2       0       0       0
Total ram usage:        2 bytes
 Hardware stack levels used:    1
 Hardware stack levels required when called:   14
 This function calls:
		_in_high_int
		_in_low_int
 This function is called by:
		_block_on_To_msgqueues
 This function uses a non-reentrant model


 *************** function _in_low_int *****************
 Defined at:
		line 30 in file "source/interrupts.c"
 Parameters:    Size  Location     Type
		None
 Auto vars:     Size  Location     Type
		None
 Return value:  Size  Location     Type
                  2   41[BANK0 ] int 
 Registers used:
		wreg, status,2, status,0, cstack
 Tracked objects:
		On entry : 
		On exit  : 
		Unchanged: 
 Data sizes:     COMRAM   BANK0   BANK1   BANK2   BANK3
      Params:         0       2       0       0       0
      Locals:         0       0       0       0       0
      Temps:          0       0       0       0       0
      Totals:         0       2       0       0       0
Total ram usage:        2 bytes
 Hardware stack levels used:    1
 Hardware stack levels required when called:   13
 This function calls:
		_in_high_int
 This function is called by:
		_in_main
 This function uses a non-reentrant model


 *************** function _in_high_int *****************
 Defined at:
		line 22 in file "source/interrupts.c"
 Parameters:    Size  Location     Type
		None
 Auto vars:     Size  Location     Type
		None
 Return value:  Size  Location     Type
                  2   39[BANK0 ] int 
 Registers used:
		wreg, status,2
 Tracked objects:
		On entry : 
		On exit  : 
		Unchanged: 
 Data sizes:     COMRAM   BANK0   BANK1   BANK2   BANK3
      Params:         0       2       0       0       0
      Locals:         0       0       0       0       0
      Temps:          0       0       0       0       0
      Totals:         0       2       0       0       0
Total ram usage:        2 bytes
 Hardware stack levels used:    1
 Hardware stack levels required when called:   12
 This function calls:
		Nothing
 This function is called by:
		_in_low_int
		_in_main
 This function uses a non-reentrant model


 *************** function _check_msg *****************
 Defined at:
		line 222 in file "source/messages.c"
 Parameters:    Size  Location     Type
  qptr            2   39[BANK0 ] PTR struct __msg_queue
		 -> ToMainHigh_MQ(102), ToMainLow_MQ(102), 
 Auto vars:     Size  Location     Type
		None
 Return value:  Size  Location     Type
                  1    wreg      unsigned char 
 Registers used:
		wreg, fsr2l, fsr2h, status,2, status,0, prodl, prodh
 Tracked objects:
		On entry : 
		On exit  : 
		Unchanged: 
 Data sizes:     COMRAM   BANK0   BANK1   BANK2   BANK3
      Params:         0       2       0       0       0
      Locals:         0       0       0       0       0
      Temps:          0       1       0       0       0
      Totals:         0       3       0       0       0
Total ram usage:        3 bytes
 Hardware stack levels used:    1
 Hardware stack levels required when called:   12
 This function calls:
		Nothing
 This function is called by:
		_block_on_To_msgqueues
 This function uses a non-reentrant model


 *************** function _Delay1KTCYx *****************
 Defined at:
		line 8 in file "/Applications/microchip/xc8/v1.30/sources/pic18/d1ktcyx.c"
 Parameters:    Size  Location     Type
  unit            1    wreg     unsigned char 
 Auto vars:     Size  Location     Type
  unit            1   39[BANK0 ] unsigned char 
 Return value:  Size  Location     Type
		None               void
 Registers used:
		wreg
 Tracked objects:
		On entry : 
		On exit  : 
		Unchanged: 
 Data sizes:     COMRAM   BANK0   BANK1   BANK2   BANK3
      Params:         0       0       0       0       0
      Locals:         0       1       0       0       0
      Temps:          0       0       0       0       0
      Totals:         0       1       0       0       0
Total ram usage:        1 bytes
 Hardware stack levels used:    1
 Hardware stack levels required when called:   12
 This function calls:
		Nothing
 This function is called by:
		_block_on_To_msgqueues
 This function uses a non-reentrant model


 *************** function _ToMainLow_recvmsg *****************
 Defined at:
		line 112 in file "source/messages.c"
 Parameters:    Size  Location     Type
  maxlength       1    wreg     unsigned char 
  msgtype         2   63[BANK0 ] PTR unsigned char 
		 -> main@msgtype(1), 
  data            2   65[BANK0 ] PTR void 
		 -> main@msgbuffer(23), 
 Auto vars:     Size  Location     Type
  maxlength       1   67[BANK0 ] unsigned char 
 Return value:  Size  Location     Type
                  1    wreg      char 
 Registers used:
		wreg, fsr1l, fsr1h, fsr2l, fsr2h, status,2, status,0, prodl, prodh, cstack
 Tracked objects:
		On entry : 
		On exit  : 
		Unchanged: 
 Data sizes:     COMRAM   BANK0   BANK1   BANK2   BANK3
      Params:         0       4       0       0       0
      Locals:         0       1       0       0       0
      Temps:          0       0       0       0       0
      Totals:         0       5       0       0       0
Total ram usage:        5 bytes
 Hardware stack levels used:    1
 Hardware stack levels required when called:   14
 This function calls:
		_recv_msg
 This function is called by:
		_main
 This function uses a non-reentrant model


 *************** function _ToMainHigh_recvmsg *****************
 Defined at:
		line 135 in file "source/messages.c"
 Parameters:    Size  Location     Type
  maxlength       1    wreg     unsigned char 
  msgtype         2   63[BANK0 ] PTR unsigned char 
		 -> main@msgtype(1), 
  data            2   65[BANK0 ] PTR void 
		 -> main@msgbuffer(23), 
 Auto vars:     Size  Location     Type
  maxlength       1   67[BANK0 ] unsigned char 
 Return value:  Size  Location     Type
                  1    wreg      char 
 Registers used:
		wreg, fsr1l, fsr1h, fsr2l, fsr2h, status,2, status,0, prodl, prodh, cstack
 Tracked objects:
		On entry : 
		On exit  : 
		Unchanged: 
 Data sizes:     COMRAM   BANK0   BANK1   BANK2   BANK3
      Params:         0       4       0       0       0
      Locals:         0       1       0       0       0
      Temps:          0       0       0       0       0
      Totals:         0       5       0       0       0
Total ram usage:        5 bytes
 Hardware stack levels used:    1
 Hardware stack levels required when called:   14
 This function calls:
		_recv_msg
 This function is called by:
		_main
 This function uses a non-reentrant model


 *************** function _recv_msg *****************
 Defined at:
		line 63 in file "source/messages.c"
 Parameters:    Size  Location     Type
  qptr            2   49[BANK0 ] PTR struct __msg_queue
		 -> FromMainHigh_MQ(102), FromMainLow_MQ(102), ToMainHigh_MQ(102), ToMainLow_MQ(102), 
  maxlength       1   51[BANK0 ] unsigned char 
  msgtype         2   52[BANK0 ] PTR unsigned char 
		 -> timer0_int_handler@msgtype(2), main@msgtype(1), 
  data            2   54[BANK0 ] PTR void 
		 -> timer0_int_handler@val(2), main@msgbuffer(23), 
 Auto vars:     Size  Location     Type
  qmsg            2   61[BANK0 ] PTR struct __msg
		 -> FromMainLow_MQ.queue(100), FromMainHigh_MQ.queue(100), ToMainHigh_MQ.queue(100), ToMainLow_MQ.queue(100), 
		 -> FromMainHigh_MQ(102), FromMainLow_MQ(102), ToMainHigh_MQ(102), ToMainLow_MQ(102), 
  tlength         2   59[BANK0 ] unsigned int 
  slot            1   58[BANK0 ] unsigned char 
 Return value:  Size  Location     Type
                  1    wreg      char 
 Registers used:
		wreg, fsr1l, fsr1h, fsr2l, fsr2h, status,2, status,0, prodl, prodh, cstack
 Tracked objects:
		On entry : 
		On exit  : 
		Unchanged: 
 Data sizes:     COMRAM   BANK0   BANK1   BANK2   BANK3
      Params:         0       7       0       0       0
      Locals:         0       5       0       0       0
      Temps:          0       2       0       0       0
      Totals:         0      14       0       0       0
Total ram usage:       14 bytes
 Hardware stack levels used:    1
 Hardware stack levels required when called:   13
 This function calls:
		_memcpy
 This function is called by:
		_ToMainLow_recvmsg
		_ToMainHigh_recvmsg
		_FromMainLow_recvmsg
 This function uses a non-reentrant model


 *************** function _memcpy *****************
 Defined at:
		line 11 in file "/Applications/microchip/xc8/v1.30/sources/common/memcpy.c"
 Parameters:    Size  Location     Type
  d1              2   39[BANK0 ] PTR void 
		 -> FromMainLow_MQ.queue(100), FromMainHigh_MQ.queue(100), ToMainHigh_MQ.queue(100), ToMainLow_MQ.queue(100), 
		 -> timer0_int_handler@val(2), FromMainHigh_MQ(102), FromMainLow_MQ(102), ToMainHigh_MQ(102), 
		 -> ToMainLow_MQ(102), main@msgbuffer(23), 
  s1              2   41[BANK0 ] PTR const void 
		 -> ToMainLow_MQ.data(22), ToMainHigh_MQ.data(22), FromMainLow_MQ.data(22), FromMainHigh_MQ.data(22), 
[...]
		line 192 in file "source/my_i2c.c"
 Parameters:    Size  Location     Type
		None
 Auto vars:     Size  Location     Type
		None
 Return value:  Size  Location     Type
		None               void
 Registers used:
		wreg, fsr1l, fsr1h, fsr2l, fsr2h, status,2, status,0, prodl, prodh, cstack
 Tracked objects:
		On entry : 
		On exit  : 
		Unchanged: 
 Data sizes:     COMRAM   BANK0   BANK1   BANK2   BANK3
      Params:         0       0       0       0       0
      Locals:         0       0       0       0       0
      Temps:          0       0       0       0       0
      Totals:         0       0       0       0       0
Total ram usage:        0 bytes
 Hardware stack levels used:    1
 Hardware stack levels required when called:    4
 This function calls:
		_i2c_master_int_handler
		_i2c_slave_int_handler
 This function is called by:
		_InterruptHandlerHigh
 This function uses a non-reentrant model


 *************** function _i2c_slave_int_handler *****************
 Defined at:
		line 209 in file "source/my_i2c.c"
 Parameters:    Size  Location     Type
		None
 Auto vars:     Size  Location     Type
  error_buf       3   16[BANK0 ] unsigned char [3]
  data_read       1   24[BANK0 ] unsigned char 
  msg_ready       1   23[BANK0 ] unsigned char 
  msg_to_send     1   22[BANK0 ] unsigned char 
  i2c_data        1   21[BANK0 ] unsigned char 
  overrun_erro    1   20[BANK0 ] unsigned char 
  data_written    1   19[BANK0 ] unsigned char 
 Return value:  Size  Location     Type
		None               void
 Registers used:
		wreg, fsr1l, fsr1h, fsr2l, fsr2h, status,2, status,0, prodl, prodh, cstack
 Tracked objects:
		On entry : 
		On exit  : 
		Unchanged: 
 Data sizes:     COMRAM   BANK0   BANK1   BANK2   BANK3
      Params:         0       0       0       0       0
      Locals:         0       9       0       0       0
      Temps:          0       2       0       0       0
      Totals:         0      11       0       0       0
Total ram usage:       11 bytes
 Hardware stack levels used:    1
 Hardware stack levels required when called:    3
 This function calls:
		_ToMainHigh_sendmsg
		_handle_start
		_start_i2c_slave_reply
 This function is called by:
		_i2c_int_handler
 This function uses a non-reentrant model


 *************** function _start_i2c_slave_reply *****************
 Defined at:
		line 128 in file "source/my_i2c.c"
 Parameters:    Size  Location     Type
  length          1    wreg     unsigned char 
  msg             2   49[COMRAM] PTR unsigned char 
		 -> NULL(0), 
 Auto vars:     Size  Location     Type
  length          1   54[COMRAM] unsigned char 
 Return value:  Size  Location     Type
		None               void
 Registers used:
		wreg, fsr1l, fsr1h, fsr2l, fsr2h, status,2, status,0, prodl, prodh
 Tracked objects:
		On entry : 
		On exit  : 
		Unchanged: 
 Data sizes:     COMRAM   BANK0   BANK1   BANK2   BANK3
      Params:         2       0       0       0       0
      Locals:         1       0       0       0       0
      Temps:          3       0       0       0       0
      Totals:         6       0       0       0       0
Total ram usage:        6 bytes
 Hardware stack levels used:    1
 This function calls:
		Nothing
 This function is called by:
		_i2c_slave_int_handler
 This function uses a non-reentrant model


 *************** function _handle_start *****************
 Defined at:
		line 163 in file "source/my_i2c.c"
 Parameters:    Size  Location     Type
  data_read       1    wreg     unsigned char 
 Auto vars:     Size  Location     Type
  data_read       1   49[COMRAM] unsigned char 
 Return value:  Size  Location     Type
		None               void
 Registers used:
		wreg, fsr2l, fsr2h, status,2, status,0
 Tracked objects:
		On entry : 
		On exit  : 
		Unchanged: 
 Data sizes:     COMRAM   BANK0   BANK1   BANK2   BANK3
      Params:         0       0       0       0       0
      Locals:         1       0       0       0       0
      Temps:          0       0       0       0       0
      Totals:         1       0       0       0       0
Total ram usage:        1 bytes
 Hardware stack levels used:    1
 This function calls:
		Nothing
 This function is called by:
		_i2c_slave_int_handler
 This function uses a non-reentrant model


 *************** function _i2c_master_int_handler *****************
 Defined at:
		line 448 in file "source/my_i2c.c"
 Parameters:    Size  Location     Type
		None
 Auto vars:     Size  Location     Type
		None
 Return value:  Size  Location     Type
		None               void
 Registers used:
		wreg, fsr1l, fsr1h, fsr2l, fsr2h, status,2, status,0, prodl, prodh, cstack
 Tracked objects:
		On entry : 
		On exit  : 
		Unchanged: 
 Data sizes:     COMRAM   BANK0   BANK1   BANK2   BANK3
      Params:         0       0       0       0       0
      Locals:         0       0       0       0       0
      Temps:          1       0       0       0       0
      Totals:         1       0       0       0       0
Total ram usage:        1 bytes
 Hardware stack levels used:    1
 Hardware stack levels required when called:    3
 This function calls:
		_ToMainHigh_sendmsg
 This function is called by:
		_i2c_int_handler
 This function uses a non-reentrant model


 *************** function _ToMainHigh_sendmsg *****************
 Defined at:
		line 126 in file "source/messages.c"
 Parameters:    Size  Location     Type
  length          1    wreg     unsigned char 
  msgtype         1   11[BANK0 ] unsigned char 
  data            2   12[BANK0 ] PTR void 
		 -> timer0_int_handler@val(2), i2c_slave_int_handler@error_buf(3), motor_lthread@message(2), NULL(0), 
		 -> main@ic(77), 
 Auto vars:     Size  Location     Type
  length          1   60[COMRAM] unsigned char 
 Return value:  Size  Location     Type
                  1    wreg      char 
 Registers used:
		wreg, fsr1l, fsr1h, fsr2l, fsr2h, status,2, status,0, prodl, prodh, cstack
 Tracked objects:
		On entry : 
		On exit  : 
		Unchanged: 
 Data sizes:     COMRAM   BANK0   BANK1   BANK2   BANK3
      Params:         0       3       0       0       0
      Locals:         1       0       0       0       0
      Temps:          0       0       0       0       0
      Totals:         1       3       0       0       0
Total ram usage:        4 bytes
 Hardware stack levels used:    1
 Hardware stack levels required when called:    2
 This function calls:
		i2_send_msg
 This function is called by:
		_i2c_slave_int_handler
		_i2c_master_int_handler
		_timer0_int_handler
		_motor_lthread
 This function uses a non-reentrant model


 *************** function i2_send_msg *****************
 Defined at:
		line 24 in file "source/messages.c"
 Parameters:    Size  Location     Type
  qptr            2    0[BANK0 ] PTR struct __msg_queue
		 -> FromMainHigh_MQ(102), FromMainLow_MQ(102), ToMainHigh_MQ(102), ToMainLow_MQ(102), 
  length          1    2[BANK0 ] unsigned char 
  msgtype         1    3[BANK0 ] unsigned char 
  data            2    4[BANK0 ] PTR void 
		 -> timer0_int_handler@val(2), i2c_slave_int_handler@error_buf(3), motor_lthread@message(2), NULL(0), 
		 -> main@ic(77), main@uc(23), 
 Auto vars:     Size  Location     Type
  send_msg        2    9[BANK0 ] PTR struct __msg
		 -> FromMainLow_MQ.queue(100), FromMainHigh_MQ.queue(100), ToMainHigh_MQ.queue(100), ToMainLow_MQ.queue(100), 
		 -> FromMainHigh_MQ(102), FromMainLow_MQ(102), ToMainHigh_MQ(102), ToMainLow_MQ(102), 
  send_msg        2    6[BANK0 ] unsigned int 
  send_msg        1    8[BANK0 ] unsigned char 
 Return value:  Size  Location     Type
                  1    wreg      char 
 Registers used:
		wreg, fsr1l, fsr1h, fsr2l, fsr2h, status,2, status,0, prodl, prodh, cstack
 Tracked objects:
		On entry : 
		On exit  : 
		Unchanged: 
 Data sizes:     COMRAM   BANK0   BANK1   BANK2   BANK3
      Params:         0       6       0       0       0
      Locals:         0       5       0       0       0
      Temps:          1       0       0       0       0
      Totals:         1      11       0       0       0
Total ram usage:       12 bytes
 Hardware stack levels used:    1
 Hardware stack levels required when called:    1
 This function calls:
		i2_memcpy
 This function is called by:
		_ToMainHigh_sendmsg
 This function uses a non-reentrant model


 *************** function i2_memcpy *****************
 Defined at:
		line 11 in file "/Applications/microchip/xc8/v1.30/sources/common/memcpy.c"
 Parameters:    Size  Location     Type
  d1              2   49[COMRAM] PTR void 
		 -> FromMainLow_MQ.queue(100), FromMainHigh_MQ.queue(100), ToMainHigh_MQ.queue(100), ToMainLow_MQ.queue(100), 
		 -> timer0_int_handler@val(2), FromMainHigh_MQ(102), FromMainLow_MQ(102), ToMainHigh_MQ(102), 
		 -> ToMainLow_MQ(102), main@msgbuffer(23), 
  s1              2   51[COMRAM] PTR const void 
		 -> ToMainLow_MQ.data(22), ToMainHigh_MQ.data(22), FromMainLow_MQ.data(22), FromMainHigh_MQ.data(22), 
		 -> ToMainLow_MQ.queue.data(22), ToMainHigh_MQ.queue.data(22), FromMainHigh_MQ.queue.data(22), FromMainLow_MQ.queue.data(22), 
		 -> timer0_int_handler@val(2), i2c_slave_int_handler@error_buf(3), motor_lthread@message(2), FromMainHigh_MQ(102), 
		 -> FromMainLow_MQ(102), ToMainHigh_MQ(102), ToMainLow_MQ(102), NULL(0), 
		 -> main@ic(77), main@uc(23), 
  n               2   53[COMRAM] unsigned int 
 Auto vars:     Size  Location     Type
  memcpy          2   57[COMRAM] PTR const unsigned char 
		 -> ToMainLow_MQ.data(22), ToMainHigh_MQ.data(22), FromMainLow_MQ.data(22), FromMainHigh_MQ.data(22), 
		 -> ToMainLow_MQ.queue.data(22), ToMainHigh_MQ.queue.data(22), FromMainHigh_MQ.queue.data(22), FromMainLow_MQ.queue.data(22), 
		 -> timer0_int_handler@val(2), i2c_slave_int_handler@error_buf(3), motor_lthread@message(2), FromMainHigh_MQ(102), 
		 -> FromMainLow_MQ(102), ToMainHigh_MQ(102), ToMainLow_MQ(102), NULL(0), 
		 -> main@ic(77), main@uc(23), 
  memcpy          2   55[COMRAM] PTR unsigned char 
		 -> FromMainLow_MQ.queue(100), FromMainHigh_MQ.queue(100), ToMainHigh_MQ.queue(100), ToMainLow_MQ.queue(100), 
		 -> timer0_int_handler@val(2), FromMainHigh_MQ(102), FromMainLow_MQ(102), ToMainHigh_MQ(102), 
		 -> ToMainLow_MQ(102), main@msgbuffer(23), 
 Return value:  Size  Location     Type
                  2   49[COMRAM] PTR void 
 Registers used:
		wreg, fsr1l, fsr1h, fsr2l, fsr2h, status,2, status,0
 Tracked objects:
		On entry : 
		On exit  : 
		Unchanged: 
 Data sizes:     COMRAM   BANK0   BANK1   BANK2   BANK3
      Params:         6       0       0       0       0
      Locals:         4       0       0       0       0
      Temps:          0       0       0       0       0
      Totals:        10       0       0       0       0
Total ram usage:       10 bytes
 Hardware stack levels used:    1
 This function calls:
		Nothing
 This function is called by:
		i2_send_msg
		i2_recv_msg
 This function uses a non-reentrant model


 *************** function _SleepIfOkay *****************
 Defined at:
		line 228 in file "source/messages.c"
 Parameters:    Size  Location     Type
		None
 Auto vars:     Size  Location     Type
		None
 Return value:  Size  Location     Type
		None               void
 Registers used:
		wreg, fsr2l, fsr2h, status,2, status,0, prodl, prodh, cstack
 Tracked objects:
		On entry : 
		On exit  : 
		Unchanged: 
 Data sizes:     COMRAM   BANK0   BANK1   BANK2   BANK3
      Params:         0       0       0       0       0
      Locals:         0       0       0       0       0
      Temps:          0       0       0       0       0
      Totals:         0       0       0       0       0
Total ram usage:        0 bytes
 Hardware stack levels used:    1
 Hardware stack levels required when called:    2
 This function calls:
		_enter_sleep_mode
		i2_check_msg
		i2_in_high_int
		i2_in_low_int
 This function is called by:
		_InterruptHandlerHigh
 This function uses a non-reentrant model


 *************** function i2_in_low_int *****************
 Defined at:
		line 30 in file "source/interrupts.c"
 Parameters:    Size  Location     Type
		None
 Auto vars:     Size  Location     Type
		None
 Return value:  Size  Location     Type
                  2   51[COMRAM] int 
 Registers used:
		wreg, status,2, status,0, cstack
 Tracked objects:
		On entry : 
		On exit  : 
		Unchanged: 
 Data sizes:     COMRAM   BANK0   BANK1   BANK2   BANK3
      Params:         2       0       0       0       0
      Locals:         0       0       0       0       0
      Temps:          0       0       0       0       0
      Totals:         2       0       0       0       0
Total ram usage:        2 bytes
 Hardware stack levels used:    1
 Hardware stack levels required when called:    1
 This function calls:
		i2_in_high_int
 This function is called by:
		_SleepIfOkay
 This function uses a non-reentrant model


 *************** function i2_in_high_int *****************
 Defined at:
		line 22 in file "source/interrupts.c"
 Parameters:    Size  Location     Type
		None
 Auto vars:     Size  Location     Type
		None
 Return value:  Size  Location     Type
                  2   49[COMRAM] int 
 Registers used:
		wreg, status,2
 Tracked objects:
		On entry : 
		On exit  : 
		Unchanged: 
 Data sizes:     COMRAM   BANK0   BANK1   BANK2   BANK3
      Params:         2       0       0       0       0
      Locals:         0       0       0       0       0
      Temps:          0       0       0       0       0
      Totals:         2       0       0       0       0
Total ram usage:        2 bytes
 Hardware stack levels used:    1
 This function calls:
		Nothing
 This function is called by:
		_SleepIfOkay
		i2_in_low_int
 This function uses a non-reentrant model


 *************** function i2_check_msg *****************
 Defined at:
		line 222 in file "source/messages.c"
 Parameters:    Size  Location     Type
  qptr            2   49[COMRAM] PTR struct __msg_queue
		 -> ToMainHigh_MQ(102), ToMainLow_MQ(102), 
 Auto vars:     Size  Location     Type
		None
 Return value:  Size  Location     Type
                  1    wreg      unsigned char 
 Registers used:
		wreg, fsr2l, fsr2h, status,2, status,0, prodl, prodh
 Tracked objects:
		On entry : 
		On exit  : 
		Unchanged: 
 Data sizes:     COMRAM   BANK0   BANK1   BANK2   BANK3
      Params:         2       0       0       0       0
      Locals:         0       0       0       0       0
      Temps:          1       0       0       0       0
      Totals:         3       0       0       0       0
Total ram usage:        3 bytes
 Hardware stack levels used:    1
 This function calls:
		Nothing
 This function is called by:
		_SleepIfOkay
 This function uses a non-reentrant model


 *************** function _enter_sleep_mode *****************
 Defined at:
		line 202 in file "source/messages.c"
 Parameters:    Size  Location     Type
		None
 Auto vars:     Size  Location     Type
		None
 Return value:  Size  Location     Type
		None               void
 Registers used:
		None
 Tracked objects:
		On entry : 
		On exit  : 
		Unchanged: 
 Data sizes:     COMRAM   BANK0   BANK1   BANK2   BANK3
      Params:         0       0       0       0       0
      Locals:         0       0       0       0       0
      Temps:          0       0       0       0       0
      Totals:         0       0       0       0       0
Total ram usage:        0 bytes
 Hardware stack levels used:    1
 This function calls:
		Nothing
 This function is called by:
		_SleepIfOkay
 This function uses a non-reentrant model



MODULE INFORMATION

Module		Function		Class		Link	Load	Size
source/uart_thread.c
		_uart_lthread  		CODE           	190C	0000	192

source/uart_thread.c estimated size: 192

source/Parser_thread.c
		_parser_lthread		CODE           	0E80	0000	556

source/Parser_thread.c estimated size: 556

source/timer0_thread.c
		_timer0_lthread		CODE           	22D4	0000	18

source/timer0_thread.c estimated size: 18

/Applications/microchip/xc8/v1.30/sources/common/memcpy.c
		_memcpy        		CODE           	1D74	0000	94

/Applications/microchip/xc8/v1.30/sources/common/memcpy.c estimated size: 94

source/my_i2c.c
		_start_i2c_slav		CODE           	10AC	0000	436
		_handle_start  		CODE           	1844	0000	200
		_i2c_master_sen		CODE           	1698	0000	222
		_i2c_master_rec		CODE           	20F0	0000	60
		_i2c_configure_		CODE           	1E2E	0000	84
		_i2c_master_int		CODE           	06FC	0000	1270
		_i2c_slave_int_		CODE           	00BA	0000	1602
		_init_i2c      		CODE           	1776	0000	206
		_i2c_int_handle		CODE           	226A	0000	34

source/my_i2c.c estimated size: 4114

source/timer1_thread.c
		_init_timer1_lt		CODE           	22E6	0000	18

source/timer1_thread.c estimated size: 18

source/messages.c
		_ToMainHigh_sen		CODE           	2162	0000	54
		_ToMainHigh_rec		CODE           	1FEC	0000	66
		_block_on_To_ms		CODE           	1C0E	0000	126
		_check_msg     		CODE           	212C	0000	54
		_ToMainLow_send		CODE           	2220	0000	38
		_ToMainLow_recv		CODE           	1FAA	0000	66
		_enter_sleep_mo		CODE           	2354	0000	6
		_send_msg      		CODE           	19CC	0000	170
		_FromMainHigh_r		CODE           	202E	0000	66
		_init_queue    		CODE           	1C8C	0000	122
		_init_queues   		CODE           	1D06	0000	110
		_recv_msg      		CODE           	1260	0000	310
		_SleepIfOkay   		CODE           	1ED2	0000	78

source/messages.c estimated size: 1266

shared
		i2_send_msg    		CODE           	14BC	0000	246
		i2_in_high_int 		CODE           	2340	0000	12
		i2_recv_msg    		CODE           	1396	0000	294
		__initializatio		CODE           	1E82	0000	70
		i2_in_low_int  		CODE           	21C8	0000	46
		i1_memcpy      		CODE           	2070	0000	64
		i2_memcpy      		CODE           	20B0	0000	64
		i2_check_msg   		CODE           	2246	0000	36

shared estimated size: 832

/Applications/microchip/xc8/v1.30/sources/pic18/plib/Timers/t1read.c
		_ReadTimer1    		CODE           	231C	0000	18

/Applications/microchip/xc8/v1.30/sources/pic18/plib/Timers/t1read.c estimated size: 18

/Applications/microchip/xc8/v1.30/sources/pic18/plib/USART/uread.c
		_ReadUSART     		CODE           	228C	0000	30

/Applications/microchip/xc8/v1.30/sources/pic18/plib/USART/uread.c estimated size: 30

source/main.c
		_main          		CODE           	0BF2	0000	654

source/main.c estimated size: 654

source/interrupts.c
		_enable_interru		CODE           	234C	0000	8
		_in_low_int    		CODE           	1F20	0000	70
		_in_main       		CODE           	1F66	0000	68
		_in_high_int   		CODE           	22F8	0000	18
		_InterruptHandl		CODE           	0018	0000	158
		_InterruptHandl		CODE           	0008	0000	7174

source/interrupts.c estimated size: 7496

source/my_uart.c
		_parseUART     		CODE           	15B2	0000	230
		_init_uart_recv		CODE           	21F6	0000	42
		_uart_recv_int_		CODE           	1DD2	0000	92

source/my_uart.c estimated size: 364

source/user_interrupts.c
		_timer0_int_han		CODE           	1B08	0000	132
		_timer1_int_han		CODE           	2198	0000	48

source/user_interrupts.c estimated size: 180

/Applications/microchip/xc8/v1.30/sources/pic18/d1ktcyx.c
		_Delay1KTCYx   		CODE           	22AA	0000	22

/Applications/microchip/xc8/v1.30/sources/pic18/d1ktcyx.c estimated size: 22

/Applications/microchip/xc8/v1.30/sources/pic18/plib/Timers/t0write.c
		_WriteTimer0   		CODE           	232E	0000	18

/Applications/microchip/xc8/v1.30/sources/pic18/plib/Timers/t0write.c estimated size: 18

/Applications/microchip/xc8/v1.30/sources/pic18/plib/Timers/t1write.c
		_WriteTimer1   		CODE           	230A	0000	18

/Applications/microchip/xc8/v1.30/sources/pic18/plib/Timers/t1write.c estimated size: 18

/Applications/microchip/xc8/v1.30/sources/pic18/plib/USART/uwrite.c
		_WriteUSART    		CODE           	22C0	0000	20

/Applications/microchip/xc8/v1.30/sources/pic18/plib/USART/uwrite.c estimated size: 20

/Applications/microchip/xc8/v1.30/sources/pic18/plib/USART/uopen.c
		_OpenUSART     		CODE           	1A76	0000	146

/Applications/microchip/xc8/v1.30/sources/pic18/plib/USART/uopen.c estimated size: 146

