Microchip MPLAB XC8 Compiler V1.30 ()

Linker command line:

--edf=/Applications/microchip/xc8/v1.30/dat/en_msgs.txt -cs \
  -h+dist/default/production/ARCHIVED_MASTER_PIC.X.production.sym \
  --cmf=dist/default/production/ARCHIVED_MASTER_PIC.X.production.cmf -z \
  -Q18F45J10 -o/tmp/cgtGsrmEd \
  -Mdist/default/production/ARCHIVED_MASTER_PIC.X.production.map -E1 \
  -ver=XC8 -ASTACK=027Fh-03ffh -pstack=STACK -ACODE=00h-07FF7h \
  -ACONST=00h-07FF7h -ASMALLCONST=0400h-04FFhx123,07F00h-07FF7h \
  -AMEDIUMCONST=0400h-07FF7h -ACOMRAM=01h-07Fh -AABS1=00h-03FFh \
  -ABIGRAM=01h-03FFh -ARAM=080h-0FFh,0100h-01FFhx3 -ABANK0=080h-0FFh \
  -ABANK1=0100h-01FFh -ABANK2=0200h-02FFh -ABANK3=0300h-03FFh \
  -ASFR=0F80h-0FFFh \
  -preset_vec=00h,intcode=08h,intcodelo=018h,powerup,init,end_init \
  -pramtop=0400h -psmallconst=SMALLCONST -pmediumconst=MEDIUMCONST \
  -pconst=CONST -AFARRAM=00h-00h -ACONFIG=07FF8h-07FFDh -pconfig=CONFIG \
  -pjflash_buffer=07800h \
  -prdata=COMRAM,nvrram=COMRAM,nvbit=COMRAM,rbss=COMRAM,rbit=COMRAM \
  -pfarbss=FARRAM,fardata=FARRAM,nvFARRAM=FARRAM \
  -pintsave_regs=BIGRAM,bigbss=BIGRAM,bigdata=BIGRAM -pbss=RAM \
  -pidata=CODE,irdata=CODE,ibigdata=CODE,ifardata=CODE /tmp/cgtdLtOe6.obj \
  dist/default/production/ARCHIVED_MASTER_PIC.X.production.obj 

Object code version is 3.11

Machine type is 18F45J10

Call graph: (short form)




                Name                               Link     Load   Length Selector   Space Scale
/tmp/cgtdLtOe6.obj
                end_init                             B6       B6        4        C       0
                reset_vec                             0        0        4        0       0
                config                             7FF8     7FF8        6     7FF8       0
dist/default/production/ARCHIVED_MASTER_PIC.X.production.obj
                intcodelo                            18       18       9E        C       0
                intcode                               8        8        C        4       0
                text55                             25F4     25F4        6        C       0
                text54                             240E     240E       36        C       0
                text53                             25D2     25D2       12        C       0
                text52                             21E6     21E6       46        C       0
                text51                             1ED6     1ED6       6A        C       0
                text50                             2002     2002       5E        C       0
                text49                             16DC     16DC      104        C       0
                text48                             23D8     23D8       36        C       0
                text47                             23A2     23A2       36        C       0
                text46                              BE8      BE8      41E        C       0
                text45                             1A74     1A74       CC        C       0
                text44                             124E     124E      1DA        C       0
                text43                               BA       BA      64E        C       0
                text42                             24E0     24E0       22        C       0
                text41                             25C0     25C0       12        C       0
                text40                             2564     2564       14        C       0
                intcode_body                       1C7C     1C7C       82        C       0
                text38                             25AE     25AE       12        C       0
                text37                             259C     259C       12        C       0
                text36                             2520     2520       1A        C       0
                text35                             2502     2502       1E        C       0
                text34                             22F4     22F4       40        C       0
                text33                             1B40     1B40       AA        C       0
                text32                             24BA     24BA       26        C       0
                text31                             2494     2494       26        C       0
                text30                             17E0     17E0       E8        C       0
                text29                             2152     2152       4E        C       0
                text27                             2444     2444       2A        C       0
                text26                             1BEA     1BEA       92        C       0
                text25                             1FA4     1FA4       5E        C       0
                text24                             15A6     15A6      136        C       0
                text23                             22B2     22B2       42        C       0
                text22                             2270     2270       42        C       0
                text21                             253A     253A       16        C       0
                text20                             236C     236C       36        C       0
                text19                             258A     258A       12        C       0
                text18                             21A0     21A0       46        C       0
                text17                             222C     222C       44        C       0
                text16                             1CFE     1CFE       7E        C       0
                text15                             25EC     25EC        8        C       0
                text14                             2334     2334       38        C       0
                text13                             19A6     19A6       CE        C       0
                text12                             1D7C     1D7C       7A        C       0
                text11                             1E68     1E68       6E        C       0
                text10                             2578     2578       12        C       0
                text9                              2104     2104       4E        C       0
                text8                              246E     246E       26        C       0
                text7                              2060     2060       54        C       0
                text6                              20B4     20B4       50        C       0
                text5                              18C8     18C8       DE        C       0
                text4                              2550     2550       14        C       0
                text3                              1F40     1F40       64        C       0
                text2                              1428     1428      17E        C       0
                text1                               708      708      4E0        C       0
                text0                              1006     1006      248        C       0
                cstackCOMRAM                          1        1       32        1       1
                cstackBANK0                          80       80       44       80       1
                cstackBANK1                         1A2      1A2       34      100       1
                cstackBANK2                         200      200       49      200       1
                bssBANK2                            249      249       36      200       1
                bssBANK1                            100      100       A2      100       1
                dataBANK0                            CB       CB        2       80       1
                bssBANK0                             C4       C4        5       80       1
                dataCOMRAM                           49       49        8        1       1
                bssCOMRAM                            33       33       16        1       1
                cinit                              1DF6     1DF6       72        C       0
                nvBANK0                              C9       C9        2       80       1
                nvCOMRAM                             51       51        2        1       1
                idataBANK0                         25FA     25FA        2        C       0
                idataCOMRAM                        25E4     25E4        8        C       0

TOTAL           Name                               Link     Load   Length     Space
        CLASS   STACK          

        CLASS   CODE           
                end_init                             B6       B6        4         0
                intcodelo                            18       18       9E         0
                intcode                               8        8        C         0
                reset_vec                             0        0        4         0
                text55                             25F4     25F4        6         0
                text54                             240E     240E       36         0
                text53                             25D2     25D2       12         0
                text52                             21E6     21E6       46         0
                text51                             1ED6     1ED6       6A         0
                text50                             2002     2002       5E         0
                text49                             16DC     16DC      104         0
                text48                             23D8     23D8       36         0
                text47                             23A2     23A2       36         0
                text46                              BE8      BE8      41E         0
                text45                             1A74     1A74       CC         0
                text44                             124E     124E      1DA         0
                text43                               BA       BA      64E         0
                text42                             24E0     24E0       22         0
                text41                             25C0     25C0       12         0
                text40                             2564     2564       14         0
                intcode_body                       1C7C     1C7C       82         0
                text38                             25AE     25AE       12         0
                text37                             259C     259C       12         0
                text36                             2520     2520       1A         0
                text35                             2502     2502       1E         0
                text34                             22F4     22F4       40         0
                text33                             1B40     1B40       AA         0
                text32                             24BA     24BA       26         0
                text31                             2494     2494       26         0
                text30                             17E0     17E0       E8         0
                text29                             2152     2152       4E         0
                text27                             2444     2444       2A         0
                text26                             1BEA     1BEA       92         0
                text25                             1FA4     1FA4       5E         0
                text24                             15A6     15A6      136         0
                text23                             22B2     22B2       42         0
                text22                             2270     2270       42         0
                text21                             253A     253A       16         0
                text20                             236C     236C       36         0
                text19                             258A     258A       12         0
                text18                             21A0     21A0       46         0
                text17                             222C     222C       44         0
                text16                             1CFE     1CFE       7E         0
                text15                             25EC     25EC        8         0
                text14                             2334     2334       38         0
                text13                             19A6     19A6       CE         0
                text12                             1D7C     1D7C       7A         0
                text11                             1E68     1E68       6E         0
                text10                             2578     2578       12         0
                text9                              2104     2104       4E         0
                text8                              246E     246E       26         0
                text7                              2060     2060       54         0
                text6                              20B4     20B4       50         0
                text5                              18C8     18C8       DE         0
                text4                              2550     2550       14         0
                text3                              1F40     1F40       64         0
                text2                              1428     1428      17E         0
                text1                               708      708      4E0         0
                text0                              1006     1006      248         0
                cinit                              1DF6     1DF6       72         0
                idataBANK0                         25FA     25FA        2         0
                idataCOMRAM                        25E4     25E4        8         0

        CLASS   CONST          

        CLASS   SMALLCONST     

        CLASS   MEDIUMCONST    

        CLASS   COMRAM         
                cstackCOMRAM                          1        1       32         1
                dataCOMRAM                           49       49        8         1
                bssCOMRAM                            33       33       16         1
                nvCOMRAM                             51       51        2         1

        CLASS   ABS1           

        CLASS   BIGRAM         

        CLASS   RAM            

        CLASS   BANK0          
                cstackBANK0                          80       80       44         1
                dataBANK0                            CB       CB        2         1
                bssBANK0                             C4       C4        5         1
                nvBANK0                              C9       C9        2         1

        CLASS   BANK1          
                cstackBANK1                         1A2      1A2       34         1
                bssBANK1                            100      100       A2         1

        CLASS   BANK2          
                cstackBANK2                         200      200       49         1
                bssBANK2                            249      249       36         1

        CLASS   BANK3          

        CLASS   SFR            

        CLASS   FARRAM         

        CLASS   CONFIG         
                config                             7FF8     7FF8        6         0

        CLASS   IDLOC          



SEGMENTS        Name                           Load    Length   Top    Selector   Space  Class

                reset_vec                      000000  000004  000004         0       0  CODE    
                cstackCOMRAM                   000001  000052  000053         1       1  COMRAM  
                intcode                        000008  00000C  000014         4       0  CODE    
                intcodelo                      000018  0025E4  0025FC         C       0  CODE    
                cstackBANK0                    000080  00004D  0000CD        80       1  BANK0   
                bssBANK1                       000100  0000D6  0001D6       100       1  BANK1   
                cstackBANK2                    000200  00007F  00027F       200       1  BANK2   
                config                         007FF8  000006  007FFE      7FF8       0  CONFIG  


UNUSED ADDRESS RANGES

        Name                Unused          Largest block    Delta
        BANK0            000CD-000FF              33
        BANK1            001D6-001FF              2A
        BANK2            0027F-002FF              81
        BANK3            00300-003FF             100
        BIGRAM           00053-0007F              2D
                         000CD-000FF              33
                         001D6-001FF              2A
                         0027F-003FF             181
        CODE             00004-00007               4
                         00014-00017               4
                         025FC-07FF7            59FC
        COMRAM           00053-0007F              2D
        CONST            00004-00007               4
                         00014-00017               4
                         025FC-07FF7            59FC
        MEDIUMCONST      025FC-07FF7            59FC
        RAM              000CD-000FF              33
                         001D6-001FF              2A
                         0027F-003FF              81
        SFR              00F80-00FFF              80
        SMALLCONST       025FC-07FF7             100
        STACK            0027F-003FF             181

                                  Symbol Table

?_ReadTimer1                        cstackCOMRAM  00001
?_in_high_int                       cstackBANK0   000B3
?_in_low_int                        cstackBANK0   000B5
?_in_main                           cstackBANK0   000B7
?i2_in_high_int                     cstackBANK0   00080
?i2_in_low_int                      cstackBANK0   00082
Delay1KTCYx@unit                    cstackBANK0   000B3
OpenTimer0@config                   cstackBANK0   000B3
OpenUSART@config                    cstackBANK0   000B8
OpenUSART@spbrg                     cstackBANK0   000B3
ReadTimer1@timer                    cstackCOMRAM  00003
ReadUSART@data                      cstackCOMRAM  00001
ToMainHigh_recvmsg@data             cstackBANK1   001AB
ToMainHigh_recvmsg@maxlength        cstackBANK1   001AD
ToMainHigh_recvmsg@msgtype          cstackBANK1   001A9
ToMainHigh_sendmsg@data             cstackCOMRAM  00018
ToMainHigh_sendmsg@length           cstackCOMRAM  0001A
ToMainHigh_sendmsg@msgtype          cstackCOMRAM  00017
ToMainLow_recvmsg@data              cstackBANK1   001AB
ToMainLow_recvmsg@maxlength         cstackBANK1   001AD
ToMainLow_recvmsg@msgtype           cstackBANK1   001A9
ToMainLow_sendmsg@data              cstackCOMRAM  00018
ToMainLow_sendmsg@length            cstackCOMRAM  0001A
ToMainLow_sendmsg@msgtype           cstackCOMRAM  00017
WriteTimer0@timer                   cstackBANK0   00082
WriteTimer0@timer0                  cstackBANK0   00080
WriteTimer1@timer                   cstackCOMRAM  00003
WriteTimer1@timer1                  cstackCOMRAM  00001
WriteUSART@data                     cstackBANK0   000B3
_Delay1KTCYx                        text21        0253A
_FOOT                               dataCOMRAM    00049
_FromMainHigh_MQ                    bssBANK2      00249
_FromMainLow_MQ                     bssBANK1      00100
_I2C_Buffer_Size                    dataBANK0     000CB
_INCH                               dataCOMRAM    0004B
_INTCONbits                         (abs)         00FF2
_IPR1bits                           (abs)         00F9F
_InterruptHandlerHigh               intcode       00008
_InterruptHandlerLow                intcodelo     00018
_LATB                               (abs)         00F8A
_LATCbits                           (abs)         00F8B
_MQ_Main_Willing_to_block           bssCOMRAM     0003F
_NINETYDEGREES                      dataCOMRAM    0004D
_OSCCON                             (abs)         00FD3
_OSCCONbits                         (abs)         00FD3
_OSCTUNEbits                        (abs)         00F9B
_OpenTimer0                         text27        02444
_OpenUSART                          text26        01BEA
_PIE1bits                           (abs)         00F9D
_PIR1bits                           (abs)         00F9E
_RCONbits                           (abs)         00FD0
_RCREG                              (abs)         00FAE
_RCSTA                              (abs)         00FAB
_RCSTAbits                          (abs)         00FAB
_ReadTimer1                         text38        025AE
_ReadUSART                          text35        02502
_SPBRG                              (abs)         00FAF
_SPBRGH                             (abs)         00FB0
_SSPADD                             (abs)         00FC8
_SSPBUF                             (abs)         00FC9
_SSPCON1                            (abs)         00FC6
_SSPCON1bits                        (abs)         00FC6
_SSPCON2                            (abs)         00FC5
_SSPCON2bits                        (abs)         00FC5
_SSPSTAT                            (abs)         00FC7
_SSPSTATbits                        (abs)         00FC7
_Send                               bssCOMRAM     00033
_SleepIfOkay                        text51        01ED6
_Started                            bssCOMRAM     00035
_State                              bssCOMRAM     00040
_T0CON                              (abs)         00FD5
_T0CONbits                          (abs)         00FD5
_TENDEGREES                         dataCOMRAM    0004F
_TMR0H                              (abs)         00FD7
_TMR0L                              (abs)         00FD6
_TMR1H                              (abs)         00FCF
_TMR1L                              (abs)         00FCE
_TRISB                              (abs)         00F93
_TRISCbits                          (abs)         00F94
_TXREG                              (abs)         00FAD
_TXSTA                              (abs)         00FAC
_TXSTAbits                          (abs)         00FAC
_ToMainHigh_MQ                      bssBANK1      00136
_ToMainHigh_recvmsg                 text23        022B2
_ToMainHigh_sendmsg                 text32        024BA
_ToMainLow_MQ                       bssBANK1      0016C
_ToMainLow_recvmsg                  text22        02270
_ToMainLow_sendmsg                  text31        02494
_USART_Status                       bssCOMRAM     00041
_WriteTimer0                        text41        025C0
_WriteTimer1                        text37        0259C
_WriteUSART                         text4         02550
__CFG_CCP2MX$DEFAULT                (abs)         00000
__CFG_CP0$OFF                       (abs)         00000
__CFG_FCMEN$ON                      (abs)         00000
__CFG_FOSC$HSPLL                    (abs)         00000
__CFG_FOSC2$ON                      (abs)         00000
__CFG_IESO$ON                       (abs)         00000
__CFG_STVREN$OFF                    (abs)         00000
__CFG_WDTEN$OFF                     (abs)         00000
__CFG_WDTPS$32768                   (abs)         00000
__CFG_XINST$OFF                     (abs)         00000
__HRAM                              (abs)         00000
__Habs1                             abs1          00000
__Hbank0                            bank0         00000
__Hbank1                            bank1         00000
__Hbank2                            bank2         00000
__Hbank3                            bank3         00000
__Hbigbss                           bigbss        00000
__Hbigdata                          bigdata       00000
__Hbigram                           bigram        00000
__Hbss                              bss           00000
__HbssBANK0                         bssBANK0      00000
__HbssBANK1                         bssBANK1      00000
__HbssBANK2                         bssBANK2      00000
__HbssCOMRAM                        bssCOMRAM     00000
__Hcinit                            cinit         00000
__Hclrtext                          clrtext       00000
__Hcomram                           comram        00000
__Hconfig                           config        07FFE
__Hconst                            const         00000
__HcstackBANK0                      cstackBANK0   00000
__HcstackBANK1                      cstackBANK1   00000
__HcstackBANK2                      cstackBANK2   00000
__HcstackCOMRAM                     cstackCOMRAM  00000
__Hdata                             data          00000
__HdataBANK0                        dataBANK0     00000
__HdataCOMRAM                       dataCOMRAM    00000
__Hend_init                         end_init      000BA
__Hfarbss                           farbss        00000
__Hfardata                          fardata       00000
__Hibigdata                         ibigdata      00000
__Hidata                            idata         00000
__HidataBANK0                       idataBANK0    00000
__HidataCOMRAM                      idataCOMRAM   00000
__Hidloc                            idloc         00000
__Hifardata                         ifardata      00000
__Hinit                             init          000B6
__Hintcode                          intcode       00014
__Hintcode_body                     intcode_body  00000
__Hintcodelo                        intcodelo     000B6
__Hintentry                         intentry      00000
__Hintret                           intret        00000
__Hintsave_regs                     intsave_regs  00000
__Hirdata                           irdata        00000
__Hjflash_buffer                    jflash_buffer 07800
__Hmediumconst                      mediumconst   00000
__HnvBANK0                          nvBANK0       00000
__HnvCOMRAM                         nvCOMRAM      00000
__HnvFARRAM                         nvFARRAM      00000
__Hnvbit                            nvbit         00000
__Hnvrram                           nvrram        00000
__Hparam                            param0        00000
__Hparam0                           param0        00000
__Hpowerup                          powerup       000B6
__Hram                              ram           00000
__Hramtop                           ramtop        00400
__Hrbit                             rbit          00000
__Hrbss                             rbss          00000
__Hrdata                            rdata         00000
__Hreset_vec                        reset_vec     00004
__Hsfr                              sfr           00000
__Hsmallconst                       smallconst    00000
__Hstack                            stack         00000
__Hstruct                           struct        00000
__Htemp                             temp          00000
__Htext                             text          00000
__Htext0                            text0         00000
__Htext1                            text1         00000
__Htext10                           text10        00000
__Htext11                           text11        00000
__Htext12                           text12        00000
__Htext13                           text13        00000
__Htext14                           text14        00000
__Htext15                           text15        00000
__Htext16                           text16        00000
__Htext17                           text17        00000
__Htext18                           text18        00000
__Htext19                           text19        00000
__Htext2                            text2         00000
__Htext20                           text20        00000
__Htext21                           text21        00000
__Htext22                           text22        00000
__Htext23                           text23        00000
__Htext24                           text24        00000
__Htext25                           text25        00000
__Htext26                           text26        00000
__Htext27                           text27        00000
__Htext29                           text29        00000
__Htext3                            text3         00000
__Htext30                           text30        00000
__Htext31                           text31        00000
__Htext32                           text32        00000
__Htext33                           text33        00000
__Htext34                           text34        00000
__Htext35                           text35        00000
__Htext36                           text36        00000
__Htext37                           text37        00000
__Htext38                           text38        00000
__Htext4                            text4         00000
__Htext40                           text40        00000
__Htext41                           text41        00000
__Htext42                           text42        00000
__Htext43                           text43        00000
__Htext44                           text44        00000
__Htext45                           text45        00000
__Htext46                           text46        00000
__Htext47                           text47        00000
__Htext48                           text48        00000
__Htext49                           text49        00000
__Htext5                            text5         00000
__Htext50                           text50        00000
__Htext51                           text51        00000
__Htext52                           text52        00000
__Htext53                           text53        00000
__Htext54                           text54        00000
__Htext55                           text55        00000
__Htext6                            text6         00000
__Htext7                            text7         00000
__Htext8                            text8         00000
__Htext9                            text9         00000
__LRAM                              (abs)         00001
__Labs1                             abs1          00000
__Lbank0                            bank0         00000
__Lbank1                            bank1         00000
__Lbank2                            bank2         00000
__Lbank3                            bank3         00000
__Lbigbss                           bigbss        00000
__Lbigdata                          bigdata       00000
__Lbigram                           bigram        00000
__Lbss                              bss           00000
__LbssBANK0                         bssBANK0      00000
__LbssBANK1                         bssBANK1      00000
__LbssBANK2                         bssBANK2      00000
__LbssCOMRAM                        bssCOMRAM     00000
__Lcinit                            cinit         00000
__Lclrtext                          clrtext       00000
__Lcomram                           comram        00000
__Lconfig                           config        07FF8
__Lconst                            const         00000
__LcstackBANK0                      cstackBANK0   00000
__LcstackBANK1                      cstackBANK1   00000
__LcstackBANK2                      cstackBANK2   00000
__LcstackCOMRAM                     cstackCOMRAM  00000
__Ldata                             data          00000
__LdataBANK0                        dataBANK0     00000
__LdataCOMRAM                       dataCOMRAM    00000
__Lend_init                         end_init      000B6
__Lfarbss                           farbss        00000
__Lfardata                          fardata       00000
__Libigdata                         ibigdata      00000
__Lidata                            idata         00000
__LidataBANK0                       idataBANK0    00000
__LidataCOMRAM                      idataCOMRAM   00000
__Lidloc                            idloc         00000
__Lifardata                         ifardata      00000
__Linit                             init          000B6
__Lintcode                          intcode       00008
__Lintcode_body                     intcode_body  00000
__Lintcodelo                        intcodelo     00018
__Lintentry                         intentry      00000
__Lintret                           intret        00000
__Lintsave_regs                     intsave_regs  00000
__Lirdata                           irdata        00000
__Ljflash_buffer                    jflash_buffer 07800
__Lmediumconst                      mediumconst   00000
__LnvBANK0                          nvBANK0       00000
__LnvCOMRAM                         nvCOMRAM      00000
__LnvFARRAM                         nvFARRAM      00000
__Lnvbit                            nvbit         00000
__Lnvrram                           nvrram        00000
__Lparam                            param0        00000
__Lparam0                           param0        00000
__Lpowerup                          powerup       000B6
__Lram                              ram           00000
__Lramtop                           ramtop        00400
__Lrbit                             rbit          00000
__Lrbss                             rbss          00000
__Lrdata                            rdata         00000
__Lreset_vec                        reset_vec     00000
__Lsfr                              sfr           00000
__Lsmallconst                       smallconst    00000
__Lstack                            stack         00000
__Lstruct                           struct        00000
__Ltemp                             temp          00000
__Ltext                             text          00000
__Ltext0                            text0         00000
__Ltext1                            text1         00000
__Ltext10                           text10        00000
__Ltext11                           text11        00000
__Ltext12                           text12        00000
__Ltext13                           text13        00000
__Ltext14                           text14        00000
__Ltext15                           text15        00000
__Ltext16                           text16        00000
__Ltext17                           text17        00000
__Ltext18                           text18        00000
__Ltext19                           text19        00000
__Ltext2                            text2         00000
__Ltext20                           text20        00000
__Ltext21                           text21        00000
__Ltext22                           text22        00000
__Ltext23                           text23        00000
__Ltext24                           text24        00000
__Ltext25                           text25        00000
__Ltext26                           text26        00000
__Ltext27                           text27        00000
__Ltext29                           text29        00000
__Ltext3                            text3         00000
__Ltext30                           text30        00000
__Ltext31                           text31        00000
__Ltext32                           text32        00000
__Ltext33                           text33        00000
__Ltext34                           text34        00000
__Ltext35                           text35        00000
__Ltext36                           text36        00000
__Ltext37                           text37        00000
__Ltext38                           text38        00000
__Ltext4                            text4         00000
__Ltext40                           text40        00000
__Ltext41                           text41        00000
__Ltext42                           text42        00000
__Ltext43                           text43        00000
__Ltext44                           text44        00000
__Ltext45                           text45        00000
__Ltext46                           text46        00000
__Ltext47                           text47        00000
__Ltext48                           text48        00000
__Ltext49                           text49        00000
__Ltext5                            text5         00000
__Ltext50                           text50        00000
__Ltext51                           text51        00000
__Ltext52                           text52        00000
__Ltext53                           text53        00000
__Ltext54                           text54        00000
__Ltext55                           text55        00000
__Ltext6                            text6         00000
__Ltext7                            text7         00000
__Ltext8                            text8         00000
__Ltext9                            text9         00000
__S0                                (abs)         07FFE
__S1                                (abs)         0027F
__S2                                (abs)         00000
___extmem_base                      (abs)         20000
___inthi_sp                         stack         00000
___intlo_sp                         stack         00000
___sp                               stack         00000
__accesstop                         (abs)         00080
__activetblptr                      (abs)         00002
__end_of_Delay1KTCYx                text21        02550
__end_of_InterruptHandlerHigh       intcode_body  01CFE
__end_of_InterruptHandlerLow        intcodelo     000B6
__end_of_OpenTimer0                 text27        0246E
__end_of_OpenUSART                  text26        01C7C
__end_of_ReadTimer1                 text38        025C0
__end_of_ReadUSART                  text35        02520
__end_of_SleepIfOkay                text51        01F40
__end_of_ToMainHigh_recvmsg         text23        022F4
__end_of_ToMainHigh_sendmsg         text32        024E0
__end_of_ToMainLow_recvmsg          text22        022B2
__end_of_ToMainLow_sendmsg          text31        024BA
__end_of_WriteTimer0                text41        025D2
__end_of_WriteTimer1                text37        025AE
__end_of_WriteUSART                 text4         02564
__end_of__initialization            cinit         01E5E
__end_of_block_on_To_msgqueues      text16        01D7C
__end_of_check_msg                  text20        023A2
__end_of_enable_interrupts          text15        025F4
__end_of_enter_sleep_mode           text55        025FA
__end_of_getMessageId               text8         02494
__end_of_handle_start               text45        01B40
__end_of_i2c_configure_master       text7         020B4
__end_of_i2c_configure_slave        text14        0236C
__end_of_i2c_int_handler            text42        02502
__end_of_i2c_master_int_handler     text46        01006
__end_of_i2c_master_recv            text6         02104
__end_of_i2c_master_send            text5         019A6
__end_of_i2c_slave_int_handler      text43        00708
__end_of_in_high_int                text19        0259C
__end_of_in_low_int                 text18        021E6
__end_of_in_main                    text17        02270
__end_of_init_i2c                   text13        01A74
__end_of_init_queue                 text12        01DF6
__end_of_init_queues                text11        01ED6
__end_of_init_timer1_lthread        text10        0258A
__end_of_init_uart_recv             text9         02152
__end_of_main                       text0         0124E
__end_of_memcpy                     text25        02002
__end_of_parseUART                  text30        018C8
__end_of_parser_lthread             text1         00BE8
__end_of_recv_msg                   text24        016DC
__end_of_send_msg                   text33        01BEA
__end_of_start_i2c_slave_reply      text44        01428
__end_of_timer0_int_handler         text40        02578
__end_of_timer1_int_handler         text36        0253A
__end_of_uart_recv_int_handler      text29        021A0
__end_of_uart_write                 text3         01FA4
__end_of_validateMessage            text2         015A6
__end_ofi1_memcpy                   text34        02334
__end_ofi2_ToMainHigh_sendmsg       text48        0240E
__end_ofi2_ToMainLow_sendmsg        text47        023D8
__end_ofi2_check_msg                text54        02444
__end_ofi2_in_high_int              text53        025E4
__end_ofi2_in_low_int               text52        0222C
__end_ofi2_memcpy                   text50        02060
__end_ofi2_send_msg                 text49        017E0
__initialization                    cinit         01DF6
__mediumconst                       mediumconst   00000
__pbssBANK0                         bssBANK0      000C4
__pbssBANK1                         bssBANK1      00100
__pbssBANK2                         bssBANK2      00249
__pbssCOMRAM                        bssCOMRAM     00033
__pcinit                            cinit         01DF6
__pcstackBANK0                      cstackBANK0   00080
__pcstackBANK1                      cstackBANK1   001A2
__pcstackBANK2                      cstackBANK2   00200
__pcstackCOMRAM                     cstackCOMRAM  00001
__pdataBANK0                        dataBANK0     000CB
__pdataCOMRAM                       dataCOMRAM    00049
__pidataBANK0                       idataBANK0    025FA
__pidataCOMRAM                      idataCOMRAM   025E4
__pintcode                          intcode       00008
__pintcode_body                     intcode_body  01C7C
__pintcodelo                        intcodelo     00018
__pnvBANK0                          nvBANK0       000C9
__pnvCOMRAM                         nvCOMRAM      00051
__ptext0                            text0         01006
__ptext1                            text1         00708
__ptext10                           text10        02578
__ptext11                           text11        01E68
__ptext12                           text12        01D7C
__ptext13                           text13        019A6
__ptext14                           text14        02334
__ptext15                           text15        025EC
__ptext16                           text16        01CFE
__ptext17                           text17        0222C
__ptext18                           text18        021A0
__ptext19                           text19        0258A
__ptext2                            text2         01428
__ptext20                           text20        0236C
__ptext21                           text21        0253A
__ptext22                           text22        02270
__ptext23                           text23        022B2
__ptext24                           text24        015A6
__ptext25                           text25        01FA4
__ptext26                           text26        01BEA
__ptext27                           text27        02444
__ptext29                           text29        02152
__ptext3                            text3         01F40
__ptext30                           text30        017E0
__ptext31                           text31        02494
__ptext32                           text32        024BA
__ptext33                           text33        01B40
__ptext34                           text34        022F4
__ptext35                           text35        02502
__ptext36                           text36        02520
__ptext37                           text37        0259C
__ptext38                           text38        025AE
__ptext4                            text4         02550
__ptext40                           text40        02564
__ptext41                           text41        025C0
__ptext42                           text42        024E0
__ptext43                           text43        000BA
__ptext44                           text44        0124E
__ptext45                           text45        01A74
__ptext46                           text46        00BE8
__ptext47                           text47        023A2
__ptext48                           text48        023D8
__ptext49                           text49        016DC
__ptext5                            text5         018C8
__ptext50                           text50        02002
__ptext51                           text51        01ED6
__ptext52                           text52        021E6
__ptext53                           text53        025D2
__ptext54                           text54        0240E
__ptext55                           text55        025F4
__ptext6                            text6         020B4
__ptext7                            text7         02060
__ptext8                            text8         0246E
__ptext9                            text9         02104
__ramtop                            ramtop        00400
__size_of_Delay1KTCYx               (abs)         00000
__size_of_InterruptHandlerHigh      (abs)         00000
__size_of_InterruptHandlerLow       (abs)         00000
__size_of_OpenTimer0                (abs)         00000
__size_of_OpenUSART                 (abs)         00000
__size_of_ReadTimer1                (abs)         00000
__size_of_ReadUSART                 (abs)         00000
__size_of_SleepIfOkay               (abs)         00000
__size_of_ToMainHigh_recvmsg        (abs)         00000
__size_of_ToMainHigh_sendmsg        (abs)         00000
__size_of_ToMainLow_recvmsg         (abs)         00000
__size_of_ToMainLow_sendmsg         (abs)         00000
__size_of_WriteTimer0               (abs)         00000
__size_of_WriteTimer1               (abs)         00000
__size_of_WriteUSART                (abs)         00000
__size_of_block_on_To_msgqueues     (abs)         00000
__size_of_check_msg                 (abs)         00000
__size_of_enable_interrupts         (abs)         00000
__size_of_enter_sleep_mode          (abs)         00000
__size_of_getMessageId              (abs)         00000
__size_of_handle_start              (abs)         00000
__size_of_i2c_configure_master      (abs)         00000
__size_of_i2c_configure_slave       (abs)         00000
__size_of_i2c_int_handler           (abs)         00000
__size_of_i2c_master_int_handler    (abs)         00000
__size_of_i2c_master_recv           (abs)         00000
__size_of_i2c_master_send           (abs)         00000
__size_of_i2c_slave_int_handler     (abs)         00000
__size_of_in_high_int               (abs)         00000
__size_of_in_low_int                (abs)         00000
__size_of_in_main                   (abs)         00000
__size_of_init_i2c                  (abs)         00000
__size_of_init_queue                (abs)         00000
__size_of_init_queues               (abs)         00000
__size_of_init_timer1_lthread       (abs)         00000
__size_of_init_uart_recv            (abs)         00000
__size_of_main                      (abs)         00000
__size_of_memcpy                    (abs)         00000
__size_of_parseUART                 (abs)         00000
__size_of_parser_lthread            (abs)         00000
__size_of_recv_msg                  (abs)         00000
__size_of_send_msg                  (abs)         00000
__size_of_start_i2c_slave_reply     (abs)         00000
__size_of_timer0_int_handler        (abs)         00000
__size_of_timer1_int_handler        (abs)         00000
__size_of_uart_recv_int_handler     (abs)         00000
__size_of_uart_write                (abs)         00000
__size_of_validateMessage           (abs)         00000
__size_ofi1_memcpy                  (abs)         00000
__size_ofi2_ToMainHigh_sendmsg      (abs)         00000
__size_ofi2_ToMainLow_sendmsg       (abs)         00000
__size_ofi2_check_msg               (abs)         00000
__size_ofi2_in_high_int             (abs)         00000
__size_ofi2_in_low_int              (abs)         00000
__size_ofi2_memcpy                  (abs)         00000
__size_ofi2_send_msg                (abs)         00000
__smallconst                        smallconst    00000
_block_on_To_msgqueues              text16        01CFE
_buf_len                            bssCOMRAM     00042
_buffer_temp                        bssCOMRAM     00045
_check_msg                          text20        0236C
_command_count                      bssCOMRAM     00043
_command_length                     bssCOMRAM     00044
_enable_interrupts                  text15        025EC
_enter_sleep_mode                   text55        025F4
_foot                               bssBANK0      000C4
_getMessageId                       text8         0246E
_handle_start                       text45        01A74
_i2c_configure_master               text7         02060
_i2c_configure_slave                text14        02334
_i2c_int_handler                    text42        024E0
_i2c_master_int_handler             text46        00BE8
_i2c_master_recv                    text6         020B4
_i2c_master_send                    text5         018C8
_i2c_mode                           bssBANK0      000C8
_i2c_slave_int_handler              text43        000BA
_ic_ptr                             nvBANK0       000C9
_in_high_int                        text19        0258A
_in_low_int                         text18        021A0
_in_main                            text17        0222C
_inch                               bssBANK0      000C6
_init_i2c                           text13        019A6
_init_queue                         text12        01D7C
_init_queues                        text11        01E68
_init_timer1_lthread                text10        02578
_init_uart_recv                     text9         02104
_main                               text0         01006
_memcpy                             text25        01FA4
_motorStatus                        bssCOMRAM     00037
_motor_count                        bssCOMRAM     00039
_motor_length                       bssCOMRAM     0003B
_parseUART                          text30        017E0
_parser_lthread                     text1         00708
_recv_msg                           text24        015A6
_send_msg                           text33        01B40
_start_i2c_slave_reply              text44        0124E
_timer0_int_handler                 text40        02564
_timer1_int_handler                 text36        02520
_uart_recv_int_handler              text29        02152
_uart_write                         text3         01F40
_uc_ptr                             nvCOMRAM      00051
_validateMessage                    text2         01428
_x                                  bssCOMRAM     0003D
check_msg@qptr                      cstackBANK0   000B3
end_of_initialization               cinit         01E5E
getMessageId@buffer                 cstackBANK0   000B3
getMessageId@length                 cstackBANK0   000B5
handle_start@data_read              cstackBANK0   00080
i1_memcpy                           text34        022F4
i1memcpy@d                          cstackCOMRAM  00007
i1memcpy@d1                         cstackCOMRAM  00001
i1memcpy@n                          cstackCOMRAM  00005
i1memcpy@s                          cstackCOMRAM  00009
i1memcpy@s1                         cstackCOMRAM  00003
i2ToMainHigh_sendmsg@data           cstackBANK0   00097
i2ToMainHigh_sendmsg@length         cstackBANK0   00099
i2ToMainHigh_sendmsg@msgtype        cstackBANK0   00096
i2ToMainLow_sendmsg@data            cstackBANK0   00097
i2ToMainLow_sendmsg@length          cstackBANK0   00099
i2ToMainLow_sendmsg@msgtype         cstackBANK0   00096
i2_ToMainHigh_sendmsg               text48        023D8
i2_ToMainLow_sendmsg                text47        023A2
i2_check_msg                        text54        0240E
i2_in_high_int                      text53        025D2
i2_in_low_int                       text52        021E6
i2_memcpy                           text50        02002
i2_send_msg                         text49        016DC
i2c_configure_master@slave_addr     cstackBANK0   000B4
i2c_configure_slave@addr            cstackBANK0   000B4
i2c_master_recv@length              cstackBANK0   000B3
i2c_master_send@currentLength       cstackBANK0   000B8
i2c_master_send@length              cstackBANK0   000B7
i2c_master_send@msg                 cstackBANK0   000B3
i2c_slave_int_handler@data_read     cstackBANK0   000A4
i2c_slave_int_handler@data_written  cstackBANK0   0009F
i2c_slave_int_handler@error_buf     cstackBANK0   0009C
i2c_slave_int_handler@i2c_data      cstackBANK0   000A1
i2c_slave_int_handler@msg_ready     cstackBANK0   000A3
i2c_slave_int_handler@msg_to_send   cstackBANK0   000A2
i2c_slave_int_handler@overrun_error cstackBANK0   000A0
i2check_msg@qptr                    cstackBANK0   00080
i2memcpy@d                          cstackBANK0   00086
i2memcpy@d1                         cstackBANK0   00080
i2memcpy@n                          cstackBANK0   00084
i2memcpy@s                          cstackBANK0   00088
i2memcpy@s1                         cstackBANK0   00082
i2send_msg@data                     cstackBANK0   0008E
i2send_msg@length                   cstackBANK0   0008C
i2send_msg@msgtype                  cstackBANK0   0008D
i2send_msg@qmsg                     cstackBANK0   00094
i2send_msg@qptr                     cstackBANK0   0008A
i2send_msg@slot                     cstackBANK0   00093
i2send_msg@tlength                  cstackBANK0   00091
init_i2c@ic                         cstackBANK0   000B3
init_queue@i                        cstackBANK0   000B6
init_queue@qptr                     cstackBANK0   000B3
init_timer1_lthread@tptr            cstackBANK0   000B3
init_uart_recv@uc                   cstackBANK0   000B3
int_func                            intcode_body  01C7C
intlevel0                           text          00000
intlevel1                           text          00000
intlevel2                           text          00000
intlevel3                           text          00000
main@ic                             cstackBANK2   00214
main@length                         cstackBANK2   00213
main@msgbuffer                      cstackBANK2   00200
main@msgtype                        cstackBANK2   00212
main@t1thread_data                  cstackBANK2   0020B
main@uc                             cstackBANK2   0020D
memcpy@d                            cstackBANK0   000B9
memcpy@d1                           cstackBANK0   000B3
memcpy@n                            cstackBANK0   000B7
memcpy@s                            cstackBANK0   000BB
memcpy@s1                           cstackBANK0   000B5
parseUART@x                         cstackCOMRAM  00020
parser_lthread@Feet                 cstackBANK1   001CF
parser_lthread@Inches               cstackBANK1   001D0
parser_lthread@checksum             cstackBANK1   001CD
parser_lthread@command              cstackBANK1   001D2
parser_lthread@data                 cstackBANK1   001AA
parser_lthread@data_1667            cstackBANK1   001C1
parser_lthread@degrees              cstackBANK1   001D3
parser_lthread@length               cstackBANK1   001A4
parser_lthread@msgbuf               cstackBANK1   001A6
parser_lthread@msgtype              cstackBANK1   001A2
parser_lthread@reply                cstackBANK1   001AF
parser_lthread@reply_1664           cstackBANK1   001B5
parser_lthread@reply_1665           cstackBANK1   001BB
parser_lthread@status               cstackBANK1   001D1
parser_lthread@x                    cstackBANK1   001D4
recv_msg@data                       cstackBANK0   000C2
recv_msg@maxlength                  cstackBANK0   000BF
recv_msg@msgtype                    cstackBANK0   000C0
recv_msg@qmsg                       cstackBANK1   001A7
recv_msg@qptr                       cstackBANK0   000BD
recv_msg@slot                       cstackBANK1   001A4
recv_msg@tlength                    cstackBANK1   001A5
send_msg@data                       cstackCOMRAM  0000F
send_msg@length                     cstackCOMRAM  0000D
send_msg@msgtype                    cstackCOMRAM  0000E
send_msg@qmsg                       cstackCOMRAM  00015
send_msg@qptr                       cstackCOMRAM  0000B
send_msg@slot                       cstackCOMRAM  00014
send_msg@tlength                    cstackCOMRAM  00012
stackhi                             (abs)         003FF
stacklo                             (abs)         0027F
start                               init          000B6
start_i2c_slave_reply@length        cstackBANK0   00085
start_i2c_slave_reply@msg           cstackBANK0   00080
start_initialization                cinit         01DF6
timer1_int_handler@result           cstackCOMRAM  00005
uart_write@i                        cstackBANK0   000B8
uart_write@length                   cstackBANK0   000B7
uart_write@msg                      cstackBANK0   000B4
validateMessage@buf                 cstackBANK0   000BB
validateMessage@buf2                cstackBANK0   000BC
validateMessage@buf3                cstackBANK0   000BD
validateMessage@buffer              cstackBANK0   000B3
validateMessage@checksum            cstackBANK0   000BE
validateMessage@i                   cstackBANK0   000C0
validateMessage@len                 cstackBANK0   000C2
validateMessage@length              cstackBANK0   000B5
validateMessage@rollingsum          cstackBANK0   000BF


FUNCTION INFORMATION:

 *************** function _main *****************
 Defined at:
		line 187 in file "source/main.c"
 Parameters:    Size  Location     Type
		None
 Auto vars:     Size  Location     Type
  ic             53   20[BANK2 ] struct __i2c_comm
  msgbuffer      11    0[BANK2 ] unsigned char [11]
  uc              5   13[BANK2 ] struct __uart_comm
  t1thread_dat    2   11[BANK2 ] struct __timer1_thread_s
  t0thread_dat    2    0        struct __timer0_thread_s
  length          1   19[BANK2 ] char 
  msgtype         1   18[BANK2 ] unsigned char 
  i               1    0        unsigned char 
  last_reg_rec    1    0        unsigned char 
  c               1    0        unsigned char 
 Return value:  Size  Location     Type
		None               void
 Registers used:
		wreg, fsr0l, fsr0h, fsr1l, fsr1h, fsr1l, fsr1h, fsr2l, fsr2h, status,2, status,0, pclat, btemp, btemp+1, btemp+2, btemp+3, btemp+4, btemp+5, btemp+6, btemp+7, btemp+8, btemp+9, btemp+10, btemp+11, tosl, structret, tblptrl, tblptrh, tblptru, prodl, prodh, bsr, cstack
 Tracked objects:
		On entry : 
		On exit  : 
		Unchanged: 
 Data sizes:     COMRAM   BANK0   BANK1   BANK2   BANK3
      Params:         0       0       0       0       0
      Locals:         0       0       0      73       0
      Temps:          0       0       0       0       0
      Totals:         0       0       0      73       0
Total ram usage:       73 bytes
 Hardware stack levels required when called:   16
 This function calls:
		_OpenTimer0
		_OpenUSART
		_ToMainHigh_recvmsg
		_ToMainLow_recvmsg
		_block_on_To_msgqueues
		_enable_interrupts
		_i2c_configure_master
		_i2c_configure_slave
		_i2c_master_recv
		_init_i2c
		_init_queues
		_init_timer1_lthread
		_init_uart_recv
		_parser_lthread
		_uart_write
 This function is called by:
		Startup code after reset
 This function uses a non-reentrant model


 *************** function _parser_lthread *****************
 Defined at:
		line 10 in file "source/Parser_thread.c"
 Parameters:    Size  Location     Type
  msgtype         2    0[BANK1 ] int 
  length          2    2[BANK1 ] int 
  msgbuf          2    4[BANK1 ] PTR unsigned char 
		 -> main@msgbuffer(11), 
 Auto vars:     Size  Location     Type
  reply           6   25[BANK1 ] unsigned char [6]
  reply           6   19[BANK1 ] unsigned char [6]
  reply           6   13[BANK1 ] unsigned char [6]
  data            5    8[BANK1 ] unsigned char [5]
  ticks           2    0        unsigned int 
  degrees         1   49[BANK1 ] unsigned char 
  command         1   48[BANK1 ] unsigned char 
  Inches          1   46[BANK1 ] unsigned char 
  Feet            1   45[BANK1 ] unsigned char 
  data           12   31[BANK1 ] unsigned char [12]
  x               2   50[BANK1 ] int 
  checksum        2   43[BANK1 ] unsigned int 
  status          1   47[BANK1 ] unsigned char 
 Return value:  Size  Location     Type
                  2    0[BANK1 ] int 
 Registers used:
		wreg, fsr1l, fsr1h, fsr2l, fsr2h, status,2, status,0, prodl, prodh, cstack
 Tracked objects:
		On entry : 
		On exit  : 
		Unchanged: 
 Data sizes:     COMRAM   BANK0   BANK1   BANK2   BANK3
      Params:         0       0       6       0       0
      Locals:         0       0      44       0       0
      Temps:          0       0       2       0       0
      Totals:         0       0      52       0       0
Total ram usage:       52 bytes
 Hardware stack levels used:    1
 Hardware stack levels required when called:   14
 This function calls:
		_getMessageId
		_i2c_configure_master
		_i2c_master_recv
		_i2c_master_send
		_uart_write
		_validateMessage
 This function is called by:
		_main
 This function uses a non-reentrant model


 *************** function _validateMessage *****************
 Defined at:
		line 173 in file "source/Parser_thread.c"
 Parameters:    Size  Location     Type
  buffer          2   51[BANK0 ] PTR unsigned char 
		 -> main@msgbuffer(11), 
  length          1   53[BANK0 ] unsigned char 
 Auto vars:     Size  Location     Type
  i               2   64[BANK0 ] int 
  len             1   66[BANK0 ] unsigned char 
  rollingsum      1   63[BANK0 ] unsigned char 
  checksum        1   62[BANK0 ] unsigned char 
  buf3            1   61[BANK0 ] unsigned char 
  buf2            1   60[BANK0 ] unsigned char 
  buf             1   59[BANK0 ] unsigned char 
 Return value:  Size  Location     Type
                  1    wreg      unsigned char 
 Registers used:
		wreg, fsr2l, fsr2h, status,2, status,0
 Tracked objects:
		On entry : 
		On exit  : 
		Unchanged: 
 Data sizes:     COMRAM   BANK0   BANK1   BANK2   BANK3
      Params:         0       3       0       0       0
      Locals:         0       8       0       0       0
      Temps:          0       5       0       0       0
      Totals:         0      16       0       0       0
Total ram usage:       16 bytes
 Hardware stack levels used:    1
 Hardware stack levels required when called:   12
 This function calls:
		Nothing
 This function is called by:
		_parser_lthread
 This function uses a non-reentrant model


 *************** function _uart_write *****************
 Defined at:
		line 107 in file "source/my_uart.c"
 Parameters:    Size  Location     Type
  length          1    wreg     unsigned char 
  msg             2   52[BANK0 ] PTR unsigned char 
		 -> parser_lthread@data_1667(12), parser_lthread@reply_1665(6), parser_lthread@reply_1664(6), parser_lthread@reply(6), 
		 -> main@msgbuffer(11), 
 Auto vars:     Size  Location     Type
  length          1   55[BANK0 ] unsigned char 
  i               1   56[BANK0 ] unsigned char 
 Return value:  Size  Location     Type
		None               void
 Registers used:
		wreg, fsr2l, fsr2h, status,2, status,0, prodl, prodh, cstack
 Tracked objects:
		On entry : 
		On exit  : 
		Unchanged: 
 Data sizes:     COMRAM   BANK0   BANK1   BANK2   BANK3
      Params:         0       2       0       0       0
      Locals:         0       2       0       0       0
      Temps:          0       1       0       0       0
      Totals:         0       5       0       0       0
Total ram usage:        5 bytes
 Hardware stack levels used:    1
 Hardware stack levels required when called:   13
 This function calls:
		_WriteUSART
 This function is called by:
		_main
		_parser_lthread
 This function uses a non-reentrant model


 *************** function _WriteUSART *****************
 Defined at:
		line 13 in file "/Applications/microchip/xc8/v1.30/sources/pic18/plib/USART/uwrite.c"
 Parameters:    Size  Location     Type
  data            1    wreg     unsigned char 
 Auto vars:     Size  Location     Type
  data            1   51[BANK0 ] unsigned char 
 Return value:  Size  Location     Type
		None               void
 Registers used:
		wreg
 Tracked objects:
		On entry : 
		On exit  : 
		Unchanged: 
 Data sizes:     COMRAM   BANK0   BANK1   BANK2   BANK3
      Params:         0       0       0       0       0
      Locals:         0       1       0       0       0
      Temps:          0       0       0       0       0
      Totals:         0       1       0       0       0
Total ram usage:        1 bytes
 Hardware stack levels used:    1
 Hardware stack levels required when called:   12
 This function calls:
		Nothing
 This function is called by:
		_uart_write
 This function uses a non-reentrant model


 *************** function _i2c_master_send *****************
 Defined at:
		line 67 in file "source/my_i2c.c"
 Parameters:    Size  Location     Type
  length          1    wreg     unsigned char 
  msg             2   51[BANK0 ] PTR unsigned char 
		 -> parser_lthread@data(5), 
 Auto vars:     Size  Location     Type
  length          1   55[BANK0 ] unsigned char 
  currentLengt    2   56[BANK0 ] unsigned int 
 Return value:  Size  Location     Type
                  1    wreg      unsigned char 
 Registers used:
		wreg, fsr1l, fsr1h, fsr2l, fsr2h, status,2, status,0
 Tracked objects:
		On entry : 
		On exit  : 
		Unchanged: 
 Data sizes:     COMRAM   BANK0   BANK1   BANK2   BANK3
      Params:         0       2       0       0       0
      Locals:         0       3       0       0       0
      Temps:          0       2       0       0       0
      Totals:         0       7       0       0       0
Total ram usage:        7 bytes
 Hardware stack levels used:    1
 Hardware stack levels required when called:   12
 This function calls:
		Nothing
 This function is called by:
		_parser_lthread
 This function uses a non-reentrant model


 *************** function _i2c_master_recv *****************
 Defined at:
		line 106 in file "source/my_i2c.c"
 Parameters:    Size  Location     Type
  length          1    wreg     unsigned char 
 Auto vars:     Size  Location     Type
  length          1   51[BANK0 ] unsigned char 
 Return value:  Size  Location     Type
                  1    wreg      unsigned char 
 Registers used:
		wreg, fsr2l, fsr2h, status,2, status,0
 Tracked objects:
		On entry : 
		On exit  : 
		Unchanged: 
 Data sizes:     COMRAM   BANK0   BANK1   BANK2   BANK3
      Params:         0       0       0       0       0
      Locals:         0       1       0       0       0
      Temps:          0       0       0       0       0
      Totals:         0       1       0       0       0
Total ram usage:        1 bytes
 Hardware stack levels used:    1
 Hardware stack levels required when called:   12
 This function calls:
		Nothing
 This function is called by:
		_main
		_parser_lthread
 This function uses a non-reentrant model


 *************** function _i2c_configure_master *****************
 Defined at:
		line 24 in file "source/my_i2c.c"
 Parameters:    Size  Location     Type
  slave_addr      1    wreg     unsigned char 
 Auto vars:     Size  Location     Type
  slave_addr      1   52[BANK0 ] unsigned char 
 Return value:  Size  Location     Type
		None               void
 Registers used:
		wreg, fsr2l, fsr2h, status,2, status,0
 Tracked objects:
		On entry : 
		On exit  : 
		Unchanged: 
 Data sizes:     COMRAM   BANK0   BANK1   BANK2   BANK3
      Params:         0       0       0       0       0
      Locals:         0       1       0       0       0
      Temps:          0       1       0       0       0
      Totals:         0       2       0       0       0
Total ram usage:        2 bytes
 Hardware stack levels used:    1
 Hardware stack levels required when called:   12
 This function calls:
		Nothing
 This function is called by:
		_main
		_parser_lthread
 This function uses a non-reentrant model


 *************** function _getMessageId *****************
 Defined at:
		line 215 in file "source/Parser_thread.c"
 Parameters:    Size  Location     Type
  buffer          2   51[BANK0 ] PTR unsigned char 
		 -> main@msgbuffer(11), 
  length          1   53[BANK0 ] unsigned char 
 Auto vars:     Size  Location     Type
		None
 Return value:  Size  Location     Type
                  1    wreg      unsigned char 
 Registers used:
		wreg, fsr2l, fsr2h, status,2, status,0
 Tracked objects:
		On entry : 
		On exit  : 
		Unchanged: 
 Data sizes:     COMRAM   BANK0   BANK1   BANK2   BANK3
      Params:         0       3       0       0       0
      Locals:         0       0       0       0       0
      Temps:          0       1       0       0       0
      Totals:         0       4       0       0       0
Total ram usage:        4 bytes
 Hardware stack levels used:    1
 Hardware stack levels required when called:   12
 This function calls:
		Nothing
 This function is called by:
		_parser_lthread
 This function uses a non-reentrant model


 *************** function _init_uart_recv *****************
 Defined at:
		line 52 in file "source/my_uart.c"
 Parameters:    Size  Location     Type
  uc              2   51[BANK0 ] PTR struct __uart_comm
		 -> main@uc(5), 
 Auto vars:     Size  Location     Type
		None
 Return value:  Size  Location     Type
		None               void
 Registers used:
		wreg, fsr2l, fsr2h, status,2, status,0
 Tracked objects:
		On entry : 
		On exit  : 
		Unchanged: 
 Data sizes:     COMRAM   BANK0   BANK1   BANK2   BANK3
      Params:         0       2       0       0       0
      Locals:         0       0       0       0       0
      Temps:          0       1       0       0       0
      Totals:         0       3       0       0       0
Total ram usage:        3 bytes
 Hardware stack levels used:    1
 Hardware stack levels required when called:   12
 This function calls:
		Nothing
 This function is called by:
		_main
 This function uses a non-reentrant model


 *************** function _init_timer1_lthread *****************
 Defined at:
		line 6 in file "source/timer1_thread.c"
 Parameters:    Size  Location     Type
  tptr            2   51[BANK0 ] PTR struct __timer1_thre
		 -> main@t1thread_data(2), 
 Auto vars:     Size  Location     Type
		None
 Return value:  Size  Location     Type
		None               void
 Registers used:
		wreg, fsr2l, fsr2h
 Tracked objects:
		On entry : 
		On exit  : 
		Unchanged: 
 Data sizes:     COMRAM   BANK0   BANK1   BANK2   BANK3
      Params:         0       2       0       0       0
      Locals:         0       0       0       0       0
      Temps:          0       0       0       0       0
      Totals:         0       2       0       0       0
Total ram usage:        2 bytes
 Hardware stack levels used:    1
 Hardware stack levels required when called:   12
 This function calls:
		Nothing
 This function is called by:
		_main
 This function uses a non-reentrant model


 *************** function _init_queues *****************
 Defined at:
		line 194 in file "source/messages.c"
 Parameters:    Size  Location     Type
		None
 Auto vars:     Size  Location     Type
		None
 Return value:  Size  Location     Type
		None               void
 Registers used:
		wreg, fsr2l, fsr2h, status,2, status,0, prodl, prodh, cstack
 Tracked objects:
		On entry : 
		On exit  : 
		Unchanged: 
 Data sizes:     COMRAM   BANK0   BANK1   BANK2   BANK3
      Params:         0       0       0       0       0
      Locals:         0       0       0       0       0
      Temps:          0       1       0       0       0
      Totals:         0       1       0       0       0
Total ram usage:        1 bytes
 Hardware stack levels used:    1
 Hardware stack levels required when called:   13
 This function calls:
		_init_queue
 This function is called by:
		_main
 This function uses a non-reentrant model


 *************** function _init_queue *****************
 Defined at:
		line 14 in file "source/messages.c"
 Parameters:    Size  Location     Type
  qptr            2   51[BANK0 ] PTR struct __msg_queue
		 -> FromMainHigh_MQ(54), FromMainLow_MQ(54), ToMainHigh_MQ(54), ToMainLow_MQ(54), 
 Auto vars:     Size  Location     Type
  i               1   54[BANK0 ] unsigned char 
 Return value:  Size  Location     Type
		None               void
 Registers used:
		wreg, fsr2l, fsr2h, status,2, status,0, prodl, prodh
 Tracked objects:
		On entry : 
		On exit  : 
		Unchanged: 
 Data sizes:     COMRAM   BANK0   BANK1   BANK2   BANK3
      Params:         0       2       0       0       0
      Locals:         0       1       0       0       0
      Temps:          0       1       0       0       0
      Totals:         0       4       0       0       0
Total ram usage:        4 bytes
 Hardware stack levels used:    1
 Hardware stack levels required when called:   12
 This function calls:
		Nothing
 This function is called by:
		_init_queues
 This function uses a non-reentrant model


 *************** function _init_i2c *****************
 Defined at:
		line 382 in file "source/my_i2c.c"
 Parameters:    Size  Location     Type
  ic              2   51[BANK0 ] PTR struct __i2c_comm
		 -> main@ic(53), 
 Auto vars:     Size  Location     Type
		None
 Return value:  Size  Location     Type
		None               void
 Registers used:
		wreg, fsr2l, fsr2h, status,2, status,0
 Tracked objects:
		On entry : 
		On exit  : 
		Unchanged: 
 Data sizes:     COMRAM   BANK0   BANK1   BANK2   BANK3
      Params:         0       2       0       0       0
      Locals:         0       0       0       0       0
      Temps:          0       0       0       0       0
      Totals:         0       2       0       0       0
Total ram usage:        2 bytes
 Hardware stack levels used:    1
 Hardware stack levels required when called:   12
 This function calls:
		Nothing
 This function is called by:
		_main
 This function uses a non-reentrant model


 *************** function _i2c_configure_slave *****************
 Defined at:
		line 398 in file "source/my_i2c.c"
 Parameters:    Size  Location     Type
  addr            1    wreg     unsigned char 
 Auto vars:     Size  Location     Type
  addr            1   52[BANK0 ] unsigned char 
 Return value:  Size  Location     Type
		None               void
 Registers used:
		wreg, status,2, status,0
 Tracked objects:
		On entry : 
		On exit  : 
		Unchanged: 
 Data sizes:     COMRAM   BANK0   BANK1   BANK2   BANK3
      Params:         0       0       0       0       0
      Locals:         0       1       0       0       0
      Temps:          0       1       0       0       0
      Totals:         0       2       0       0       0
Total ram usage:        2 bytes
 Hardware stack levels used:    1
 Hardware stack levels required when called:   12
 This function calls:
		Nothing
 This function is called by:
		_main
 This function uses a non-reentrant model


 *************** function _enable_interrupts *****************
 Defined at:
		line 14 in file "source/interrupts.c"
 Parameters:    Size  Location     Type
		None
 Auto vars:     Size  Location     Type
		None
 Return value:  Size  Location     Type
		None               void
 Registers used:
		None
 Tracked objects:
		On entry : 
		On exit  : 
		Unchanged: 
 Data sizes:     COMRAM   BANK0   BANK1   BANK2   BANK3
      Params:         0       0       0       0       0
      Locals:         0       0       0       0       0
      Temps:          0       0       0       0       0
      Totals:         0       0       0       0       0
Total ram usage:        0 bytes
 Hardware stack levels used:    1
 Hardware stack levels required when called:   12
 This function calls:
		Nothing
 This function is called by:
		_main
 This function uses a non-reentrant model


 *************** function _block_on_To_msgqueues *****************
 Defined at:
		line 258 in file "source/messages.c"
 Parameters:    Size  Location     Type
		None
 Auto vars:     Size  Location     Type
		None
 Return value:  Size  Location     Type
		None               void
 Registers used:
		wreg, fsr2l, fsr2h, status,2, status,0, prodl, prodh, cstack
 Tracked objects:
		On entry : 
		On exit  : 
		Unchanged: 
 Data sizes:     COMRAM   BANK0   BANK1   BANK2   BANK3
      Params:         0       0       0       0       0
      Locals:         0       0       0       0       0
      Temps:          0       1       0       0       0
      Totals:         0       1       0       0       0
Total ram usage:        1 bytes
 Hardware stack levels used:    1
 Hardware stack levels required when called:   15
 This function calls:
		_Delay1KTCYx
		_check_msg
		_in_main
 This function is called by:
		_main
 This function uses a non-reentrant model


 *************** function _in_main *****************
 Defined at:
		line 40 in file "source/interrupts.c"
 Parameters:    Size  Location     Type
		None
 Auto vars:     Size  Location     Type
		None
 Return value:  Size  Location     Type
                  2   55[BANK0 ] int 
 Registers used:
		wreg, status,2, status,0, cstack
 Tracked objects:
		On entry : 
		On exit  : 
		Unchanged: 
 Data sizes:     COMRAM   BANK0   BANK1   BANK2   BANK3
      Params:         0       2       0       0       0
      Locals:         0       0       0       0       0
      Temps:          0       0       0       0       0
      Totals:         0       2       0       0       0
Total ram usage:        2 bytes
 Hardware stack levels used:    1
 Hardware stack levels required when called:   14
 This function calls:
		_in_high_int
		_in_low_int
 This function is called by:
		_block_on_To_msgqueues
 This function uses a non-reentrant model


 *************** function _in_low_int *****************
 Defined at:
		line 30 in file "source/interrupts.c"
 Parameters:    Size  Location     Type
		None
 Auto vars:     Size  Location     Type
		None
 Return value:  Size  Location     Type
                  2   53[BANK0 ] int 
 Registers used:
		wreg, status,2, status,0, cstack
 Tracked objects:
		On entry : 
		On exit  : 
		Unchanged: 
 Data sizes:     COMRAM   BANK0   BANK1   BANK2   BANK3
      Params:         0       2       0       0       0
      Locals:         0       0       0       0       0
      Temps:          0       0       0       0       0
      Totals:         0       2       0       0       0
Total ram usage:        2 bytes
 Hardware stack levels used:    1
 Hardware stack levels required when called:   13
 This function calls:
		_in_high_int
 This function is called by:
		_in_main
 This function uses a non-reentrant model


 *************** function _in_high_int *****************
 Defined at:
		line 22 in file "source/interrupts.c"
 Parameters:    Size  Location     Type
		None
 Auto vars:     Size  Location     Type
		None
 Return value:  Size  Location     Type
                  2   51[BANK0 ] int 
 Registers used:
		wreg, status,2
 Tracked objects:
		On entry : 
		On exit  : 
		Unchanged: 
 Data sizes:     COMRAM   BANK0   BANK1   BANK2   BANK3
      Params:         0       2       0       0       0
      Locals:         0       0       0       0       0
      Temps:          0       0       0       0       0
      Totals:         0       2       0       0       0
Total ram usage:        2 bytes
 Hardware stack levels used:    1
 Hardware stack levels required when called:   12
 This function calls:
		Nothing
 This function is called by:
		_in_low_int
		_in_main
 This function uses a non-reentrant model


 *************** function _check_msg *****************
 Defined at:
		line 222 in file "source/messages.c"
 Parameters:    Size  Location     Type
  qptr            2   51[BANK0 ] PTR struct __msg_queue
		 -> ToMainHigh_MQ(54), ToMainLow_MQ(54), 
 Auto vars:     Size  Location     Type
		None
 Return value:  Size  Location     Type
                  1    wreg      unsigned char 
 Registers used:
		wreg, fsr2l, fsr2h, status,2, status,0, prodl, prodh
 Tracked objects:
		On entry : 
		On exit  : 
		Unchanged: 
 Data sizes:     COMRAM   BANK0   BANK1   BANK2   BANK3
      Params:         0       2       0       0       0
      Locals:         0       0       0       0       0
      Temps:          0       1       0       0       0
      Totals:         0       3       0       0       0
Total ram usage:        3 bytes
 Hardware stack levels used:    1
 Hardware stack levels required when called:   12
 This function calls:
		Nothing
 This function is called by:
		_block_on_To_msgqueues
 This function uses a non-reentrant model


[...]
		None
 Auto vars:     Size  Location     Type
  error_buf       3   28[BANK0 ] unsigned char [3]
  data_read       1   36[BANK0 ] unsigned char 
  msg_ready       1   35[BANK0 ] unsigned char 
  msg_to_send     1   34[BANK0 ] unsigned char 
  i2c_data        1   33[BANK0 ] unsigned char 
  overrun_erro    1   32[BANK0 ] unsigned char 
  data_written    1   31[BANK0 ] unsigned char 
 Return value:  Size  Location     Type
		None               void
 Registers used:
		wreg, fsr1l, fsr1h, fsr2l, fsr2h, status,2, status,0, prodl, prodh, cstack
 Tracked objects:
		On entry : 
		On exit  : 
		Unchanged: 
 Data sizes:     COMRAM   BANK0   BANK1   BANK2   BANK3
      Params:         0       0       0       0       0
      Locals:         0       9       0       0       0
      Temps:          0       2       0       0       0
      Totals:         0      11       0       0       0
Total ram usage:       11 bytes
 Hardware stack levels used:    1
 Hardware stack levels required when called:    3
 This function calls:
		_handle_start
		_start_i2c_slave_reply
		i2_ToMainHigh_sendmsg
 This function is called by:
		_i2c_int_handler
 This function uses a non-reentrant model


 *************** function _start_i2c_slave_reply *****************
 Defined at:
		line 132 in file "source/my_i2c.c"
 Parameters:    Size  Location     Type
  length          1    wreg     unsigned char 
  msg             2    0[BANK0 ] PTR unsigned char 
		 -> NULL(0), 
 Auto vars:     Size  Location     Type
  length          1    5[BANK0 ] unsigned char 
 Return value:  Size  Location     Type
		None               void
 Registers used:
		wreg, fsr1l, fsr1h, fsr2l, fsr2h, status,2, status,0, prodl, prodh
 Tracked objects:
		On entry : 
		On exit  : 
		Unchanged: 
 Data sizes:     COMRAM   BANK0   BANK1   BANK2   BANK3
      Params:         0       2       0       0       0
      Locals:         0       1       0       0       0
      Temps:          0       3       0       0       0
      Totals:         0       6       0       0       0
Total ram usage:        6 bytes
 Hardware stack levels used:    1
 This function calls:
		Nothing
 This function is called by:
		_i2c_slave_int_handler
 This function uses a non-reentrant model


 *************** function _handle_start *****************
 Defined at:
		line 167 in file "source/my_i2c.c"
 Parameters:    Size  Location     Type
  data_read       1    wreg     unsigned char 
 Auto vars:     Size  Location     Type
  data_read       1    0[BANK0 ] unsigned char 
 Return value:  Size  Location     Type
		None               void
 Registers used:
		wreg, fsr2l, fsr2h, status,2, status,0
 Tracked objects:
		On entry : 
		On exit  : 
		Unchanged: 
 Data sizes:     COMRAM   BANK0   BANK1   BANK2   BANK3
      Params:         0       0       0       0       0
      Locals:         0       1       0       0       0
      Temps:          0       0       0       0       0
      Totals:         0       1       0       0       0
Total ram usage:        1 bytes
 Hardware stack levels used:    1
 This function calls:
		Nothing
 This function is called by:
		_i2c_slave_int_handler
 This function uses a non-reentrant model


 *************** function _i2c_master_int_handler *****************
 Defined at:
		line 452 in file "source/my_i2c.c"
 Parameters:    Size  Location     Type
		None
 Auto vars:     Size  Location     Type
		None
 Return value:  Size  Location     Type
		None               void
 Registers used:
		wreg, fsr1l, fsr1h, fsr2l, fsr2h, status,2, status,0, prodl, prodh, cstack
 Tracked objects:
		On entry : 
		On exit  : 
		Unchanged: 
 Data sizes:     COMRAM   BANK0   BANK1   BANK2   BANK3
      Params:         0       0       0       0       0
      Locals:         0       0       0       0       0
      Temps:          0       1       0       0       0
      Totals:         0       1       0       0       0
Total ram usage:        1 bytes
 Hardware stack levels used:    1
 Hardware stack levels required when called:    3
 This function calls:
		i2_ToMainHigh_sendmsg
		i2_ToMainLow_sendmsg
 This function is called by:
		_i2c_int_handler
 This function uses a non-reentrant model


 *************** function i2_ToMainLow_sendmsg *****************
 Defined at:
		line 103 in file "source/messages.c"
 Parameters:    Size  Location     Type
  length          1    wreg     unsigned char 
  msgtype         1   22[BANK0 ] unsigned char 
  data            2   23[BANK0 ] PTR void 
		 -> buffer_temp(4), NULL(0), main@ic(53), 
 Auto vars:     Size  Location     Type
  length          1   25[BANK0 ] unsigned char 
 Return value:  Size  Location     Type
                  1    wreg      char 
 Registers used:
		wreg, fsr1l, fsr1h, fsr2l, fsr2h, status,2, status,0, prodl, prodh, cstack
 Tracked objects:
		On entry : 
		On exit  : 
		Unchanged: 
 Data sizes:     COMRAM   BANK0   BANK1   BANK2   BANK3
      Params:         0       3       0       0       0
      Locals:         0       1       0       0       0
      Temps:          0       0       0       0       0
      Totals:         0       4       0       0       0
Total ram usage:        4 bytes
 Hardware stack levels used:    1
 Hardware stack levels required when called:    2
 This function calls:
		i2_send_msg
 This function is called by:
		_i2c_master_int_handler
 This function uses a non-reentrant model


 *************** function i2_ToMainHigh_sendmsg *****************
 Defined at:
		line 126 in file "source/messages.c"
 Parameters:    Size  Location     Type
  length          1    wreg     unsigned char 
  msgtype         1   22[BANK0 ] unsigned char 
  data            2   23[BANK0 ] PTR void 
		 -> NULL(0), i2c_slave_int_handler@error_buf(3), main@ic(53), 
 Auto vars:     Size  Location     Type
  length          1   25[BANK0 ] unsigned char 
 Return value:  Size  Location     Type
                  1    wreg      char 
 Registers used:
		wreg, fsr1l, fsr1h, fsr2l, fsr2h, status,2, status,0, prodl, prodh, cstack
 Tracked objects:
		On entry : 
		On exit  : 
		Unchanged: 
 Data sizes:     COMRAM   BANK0   BANK1   BANK2   BANK3
      Params:         0       3       0       0       0
      Locals:         0       1       0       0       0
      Temps:          0       0       0       0       0
      Totals:         0       4       0       0       0
Total ram usage:        4 bytes
 Hardware stack levels used:    1
 Hardware stack levels required when called:    2
 This function calls:
		i2_send_msg
 This function is called by:
		_i2c_slave_int_handler
		_i2c_master_int_handler
 This function uses a non-reentrant model


 *************** function i2_send_msg *****************
 Defined at:
		line 24 in file "source/messages.c"
 Parameters:    Size  Location     Type
  qptr            2   10[BANK0 ] PTR struct __msg_queue
		 -> FromMainHigh_MQ(54), FromMainLow_MQ(54), ToMainHigh_MQ(54), ToMainLow_MQ(54), 
  length          1   12[BANK0 ] unsigned char 
  msgtype         1   13[BANK0 ] unsigned char 
  data            2   14[BANK0 ] PTR void 
		 -> buffer_temp(4), NULL(0), i2c_slave_int_handler@error_buf(3), main@ic(53), 
 Auto vars:     Size  Location     Type
  send_msg        2   20[BANK0 ] PTR struct __msg
		 -> FromMainLow_MQ.queue(52), FromMainHigh_MQ.queue(52), ToMainHigh_MQ.queue(52), ToMainLow_MQ.queue(52), 
		 -> FromMainHigh_MQ(54), FromMainLow_MQ(54), ToMainHigh_MQ(54), ToMainLow_MQ(54), 
  send_msg        2   17[BANK0 ] unsigned int 
  send_msg        1   19[BANK0 ] unsigned char 
 Return value:  Size  Location     Type
                  1    wreg      char 
 Registers used:
		wreg, fsr1l, fsr1h, fsr2l, fsr2h, status,2, status,0, prodl, prodh, cstack
 Tracked objects:
		On entry : 
		On exit  : 
		Unchanged: 
 Data sizes:     COMRAM   BANK0   BANK1   BANK2   BANK3
      Params:         0       6       0       0       0
      Locals:         0       5       0       0       0
      Temps:          0       1       0       0       0
      Totals:         0      12       0       0       0
Total ram usage:       12 bytes
 Hardware stack levels used:    1
 Hardware stack levels required when called:    1
 This function calls:
		i2_memcpy
 This function is called by:
		i2_ToMainLow_sendmsg
		i2_ToMainHigh_sendmsg
 This function uses a non-reentrant model


 *************** function i2_memcpy *****************
 Defined at:
		line 11 in file "/Applications/microchip/xc8/v1.30/sources/common/memcpy.c"
 Parameters:    Size  Location     Type
  d1              2    0[BANK0 ] PTR void 
		 -> FromMainLow_MQ.queue(52), FromMainHigh_MQ.queue(52), ToMainHigh_MQ.queue(52), ToMainLow_MQ.queue(52), 
		 -> FromMainHigh_MQ(54), FromMainLow_MQ(54), ToMainHigh_MQ(54), ToMainLow_MQ(54), 
		 -> main@msgbuffer(11), 
  s1              2    2[BANK0 ] PTR const void 
		 -> ToMainLow_MQ.data(10), ToMainHigh_MQ.data(10), FromMainLow_MQ.data(10), FromMainHigh_MQ.data(10), 
		 -> ToMainLow_MQ.queue.data(10), ToMainHigh_MQ.queue.data(10), FromMainHigh_MQ.queue.data(10), FromMainLow_MQ.queue.data(10), 
		 -> buffer_temp(4), NULL(0), i2c_slave_int_handler@error_buf(3), FromMainHigh_MQ(54), 
		 -> FromMainLow_MQ(54), ToMainHigh_MQ(54), ToMainLow_MQ(54), main@ic(53), 
  n               2    4[BANK0 ] unsigned int 
 Auto vars:     Size  Location     Type
  memcpy          2    8[BANK0 ] PTR const unsigned char 
		 -> ToMainLow_MQ.data(10), ToMainHigh_MQ.data(10), FromMainLow_MQ.data(10), FromMainHigh_MQ.data(10), 
		 -> ToMainLow_MQ.queue.data(10), ToMainHigh_MQ.queue.data(10), FromMainHigh_MQ.queue.data(10), FromMainLow_MQ.queue.data(10), 
		 -> buffer_temp(4), NULL(0), i2c_slave_int_handler@error_buf(3), FromMainHigh_MQ(54), 
		 -> FromMainLow_MQ(54), ToMainHigh_MQ(54), ToMainLow_MQ(54), main@ic(53), 
  memcpy          2    6[BANK0 ] PTR unsigned char 
		 -> FromMainLow_MQ.queue(52), FromMainHigh_MQ.queue(52), ToMainHigh_MQ.queue(52), ToMainLow_MQ.queue(52), 
		 -> FromMainHigh_MQ(54), FromMainLow_MQ(54), ToMainHigh_MQ(54), ToMainLow_MQ(54), 
		 -> main@msgbuffer(11), 
 Return value:  Size  Location     Type
                  2    0[BANK0 ] PTR void 
 Registers used:
		wreg, fsr1l, fsr1h, fsr2l, fsr2h, status,2, status,0
 Tracked objects:
		On entry : 
		On exit  : 
		Unchanged: 
 Data sizes:     COMRAM   BANK0   BANK1   BANK2   BANK3
      Params:         0       6       0       0       0
      Locals:         0       4       0       0       0
      Temps:          0       0       0       0       0
      Totals:         0      10       0       0       0
Total ram usage:       10 bytes
 Hardware stack levels used:    1
 This function calls:
		Nothing
 This function is called by:
		i2_send_msg
 This function uses a non-reentrant model


 *************** function _SleepIfOkay *****************
 Defined at:
		line 228 in file "source/messages.c"
 Parameters:    Size  Location     Type
		None
 Auto vars:     Size  Location     Type
		None
 Return value:  Size  Location     Type
		None               void
 Registers used:
		wreg, fsr2l, fsr2h, status,2, status,0, prodl, prodh, cstack
 Tracked objects:
		On entry : 
		On exit  : 
		Unchanged: 
 Data sizes:     COMRAM   BANK0   BANK1   BANK2   BANK3
      Params:         0       0       0       0       0
      Locals:         0       0       0       0       0
      Temps:          0       0       0       0       0
      Totals:         0       0       0       0       0
Total ram usage:        0 bytes
 Hardware stack levels used:    1
 Hardware stack levels required when called:    2
 This function calls:
		_enter_sleep_mode
		i2_check_msg
		i2_in_high_int
		i2_in_low_int
 This function is called by:
		_InterruptHandlerHigh
 This function uses a non-reentrant model


 *************** function i2_in_low_int *****************
 Defined at:
		line 30 in file "source/interrupts.c"
 Parameters:    Size  Location     Type
		None
 Auto vars:     Size  Location     Type
		None
 Return value:  Size  Location     Type
                  2    2[BANK0 ] int 
 Registers used:
		wreg, status,2, status,0, cstack
 Tracked objects:
		On entry : 
		On exit  : 
		Unchanged: 
 Data sizes:     COMRAM   BANK0   BANK1   BANK2   BANK3
      Params:         0       2       0       0       0
      Locals:         0       0       0       0       0
      Temps:          0       0       0       0       0
      Totals:         0       2       0       0       0
Total ram usage:        2 bytes
 Hardware stack levels used:    1
 Hardware stack levels required when called:    1
 This function calls:
		i2_in_high_int
 This function is called by:
		_SleepIfOkay
 This function uses a non-reentrant model


 *************** function i2_in_high_int *****************
 Defined at:
		line 22 in file "source/interrupts.c"
 Parameters:    Size  Location     Type
		None
 Auto vars:     Size  Location     Type
		None
 Return value:  Size  Location     Type
                  2    0[BANK0 ] int 
 Registers used:
		wreg, status,2
 Tracked objects:
		On entry : 
		On exit  : 
		Unchanged: 
 Data sizes:     COMRAM   BANK0   BANK1   BANK2   BANK3
      Params:         0       2       0       0       0
      Locals:         0       0       0       0       0
      Temps:          0       0       0       0       0
      Totals:         0       2       0       0       0
Total ram usage:        2 bytes
 Hardware stack levels used:    1
 This function calls:
		Nothing
 This function is called by:
		_SleepIfOkay
		i2_in_low_int
 This function uses a non-reentrant model


 *************** function i2_check_msg *****************
 Defined at:
		line 222 in file "source/messages.c"
 Parameters:    Size  Location     Type
  qptr            2    0[BANK0 ] PTR struct __msg_queue
		 -> ToMainHigh_MQ(54), ToMainLow_MQ(54), 
 Auto vars:     Size  Location     Type
		None
 Return value:  Size  Location     Type
                  1    wreg      unsigned char 
 Registers used:
		wreg, fsr2l, fsr2h, status,2, status,0, prodl, prodh
 Tracked objects:
		On entry : 
		On exit  : 
		Unchanged: 
 Data sizes:     COMRAM   BANK0   BANK1   BANK2   BANK3
      Params:         0       2       0       0       0
      Locals:         0       0       0       0       0
      Temps:          0       1       0       0       0
      Totals:         0       3       0       0       0
Total ram usage:        3 bytes
 Hardware stack levels used:    1
 This function calls:
		Nothing
 This function is called by:
		_SleepIfOkay
 This function uses a non-reentrant model


 *************** function _enter_sleep_mode *****************
 Defined at:
		line 202 in file "source/messages.c"
 Parameters:    Size  Location     Type
		None
 Auto vars:     Size  Location     Type
		None
 Return value:  Size  Location     Type
		None               void
 Registers used:
		None
 Tracked objects:
		On entry : 
		On exit  : 
		Unchanged: 
 Data sizes:     COMRAM   BANK0   BANK1   BANK2   BANK3
      Params:         0       0       0       0       0
      Locals:         0       0       0       0       0
      Temps:          0       0       0       0       0
      Totals:         0       0       0       0       0
Total ram usage:        0 bytes
 Hardware stack levels used:    1
 This function calls:
		Nothing
 This function is called by:
		_SleepIfOkay
 This function uses a non-reentrant model



MODULE INFORMATION

Module		Function		Class		Link	Load	Size
source/Parser_thread.c
		_validateMessag		CODE           	1428	0000	382
		_getMessageId  		CODE           	246E	0000	38
		_parser_lthread		CODE           	0708	0000	1248

source/Parser_thread.c estimated size: 1668

/Applications/microchip/xc8/v1.30/sources/common/memcpy.c
		_memcpy        		CODE           	1FA4	0000	94

/Applications/microchip/xc8/v1.30/sources/common/memcpy.c estimated size: 94

source/my_i2c.c
		_start_i2c_slav		CODE           	124E	0000	474
		_handle_start  		CODE           	1A74	0000	204
		_i2c_master_sen		CODE           	18C8	0000	222
		_i2c_master_rec		CODE           	20B4	0000	80
		_i2c_configure_		CODE           	2060	0000	84
		_i2c_master_int		CODE           	0BE8	0000	1054
		_i2c_configure_		CODE           	2334	0000	56
		_i2c_slave_int_		CODE           	00BA	0000	1614
		_init_i2c      		CODE           	19A6	0000	206
		_i2c_int_handle		CODE           	24E0	0000	34

source/my_i2c.c estimated size: 4028

source/timer1_thread.c
		_init_timer1_lt		CODE           	2578	0000	18

source/timer1_thread.c estimated size: 18

source/messages.c
		_ToMainHigh_sen		CODE           	24BA	0000	38
		_ToMainHigh_rec		CODE           	22B2	0000	66
		_block_on_To_ms		CODE           	1CFE	0000	126
		_check_msg     		CODE           	236C	0000	54
		_ToMainLow_send		CODE           	2494	0000	38
		_ToMainLow_recv		CODE           	2270	0000	66
		_enter_sleep_mo		CODE           	25F4	0000	6
		_send_msg      		CODE           	1B40	0000	170
		_init_queue    		CODE           	1D7C	0000	122
		_init_queues   		CODE           	1E68	0000	110
		_recv_msg      		CODE           	15A6	0000	310
		_SleepIfOkay   		CODE           	1ED6	0000	106

source/messages.c estimated size: 1212

shared
		i2_send_msg    		CODE           	16DC	0000	260
		i2_ToMainHigh_s		CODE           	23D8	0000	54
		i2_in_high_int 		CODE           	25D2	0000	18
		__initializatio		CODE           	1DF6	0000	104
		i2_in_low_int  		CODE           	21E6	0000	70
		i2_ToMainLow_se		CODE           	23A2	0000	54
		i1_memcpy      		CODE           	22F4	0000	64
		i2_memcpy      		CODE           	2002	0000	94
		i2_check_msg   		CODE           	240E	0000	54

shared estimated size: 772

/Applications/microchip/xc8/v1.30/sources/pic18/plib/Timers/t1read.c
		_ReadTimer1    		CODE           	25AE	0000	18

/Applications/microchip/xc8/v1.30/sources/pic18/plib/Timers/t1read.c estimated size: 18

/Applications/microchip/xc8/v1.30/sources/pic18/plib/USART/uread.c
		_ReadUSART     		CODE           	2502	0000	30

/Applications/microchip/xc8/v1.30/sources/pic18/plib/USART/uread.c estimated size: 30

source/main.c
		_main          		CODE           	1006	0000	584

source/main.c estimated size: 584

source/interrupts.c
		_enable_interru		CODE           	25EC	0000	8
		_in_low_int    		CODE           	21A0	0000	70
		_in_main       		CODE           	222C	0000	68
		_in_high_int   		CODE           	258A	0000	18
		_InterruptHandl		CODE           	0018	0000	158
		_InterruptHandl		CODE           	0008	0000	7414

source/interrupts.c estimated size: 7736

source/my_uart.c
		_uart_write    		CODE           	1F40	0000	100
		_parseUART     		CODE           	17E0	0000	232
		_init_uart_recv		CODE           	2104	0000	78
		_uart_recv_int_		CODE           	2152	0000	78

source/my_uart.c estimated size: 488

source/user_interrupts.c
		_timer0_int_han		CODE           	2564	0000	20
		_timer1_int_han		CODE           	2520	0000	26

source/user_interrupts.c estimated size: 46

/Applications/microchip/xc8/v1.30/sources/pic18/d1ktcyx.c
		_Delay1KTCYx   		CODE           	253A	0000	22

/Applications/microchip/xc8/v1.30/sources/pic18/d1ktcyx.c estimated size: 22

/Applications/microchip/xc8/v1.30/sources/pic18/plib/Timers/t0write.c
		_WriteTimer0   		CODE           	25C0	0000	18

/Applications/microchip/xc8/v1.30/sources/pic18/plib/Timers/t0write.c estimated size: 18

/Applications/microchip/xc8/v1.30/sources/pic18/plib/Timers/t1write.c
		_WriteTimer1   		CODE           	259C	0000	18

/Applications/microchip/xc8/v1.30/sources/pic18/plib/Timers/t1write.c estimated size: 18

/Applications/microchip/xc8/v1.30/sources/pic18/plib/USART/uwrite.c
		_WriteUSART    		CODE           	2550	0000	20

/Applications/microchip/xc8/v1.30/sources/pic18/plib/USART/uwrite.c estimated size: 20

/Applications/microchip/xc8/v1.30/sources/pic18/plib/Timers/t0open.c
		_OpenTimer0    		CODE           	2444	0000	42

/Applications/microchip/xc8/v1.30/sources/pic18/plib/Timers/t0open.c estimated size: 42

/Applications/microchip/xc8/v1.30/sources/pic18/plib/USART/uopen.c
		_OpenUSART     		CODE           	1BEA	0000	146

/Applications/microchip/xc8/v1.30/sources/pic18/plib/USART/uopen.c estimated size: 146

